ARM Linker, 4.1 [Build 894] [Evaluation]

==============================================================================

Section Cross References

    configdescriptor.o(i.USB_GetNextDescriptorComp) refers to configdescriptor.o(i.USB_GetNextDescriptor) for USB_GetNextDescriptor
    configdescriptor.o(i.USB_GetNextDescriptorOfType) refers to configdescriptor.o(i.USB_GetNextDescriptor) for USB_GetNextDescriptor
    configdescriptor.o(i.USB_GetNextDescriptorOfTypeAfter) refers to configdescriptor.o(i.USB_GetNextDescriptorOfType) for USB_GetNextDescriptorOfType
    configdescriptor.o(i.USB_GetNextDescriptorOfTypeBefore) refers to configdescriptor.o(i.USB_GetNextDescriptor) for USB_GetNextDescriptor
    configdescriptor.o(i.USB_Host_GetDeviceConfigDescriptor) refers to hoststandardreq.o(i.USB_Host_SendControlRequest) for USB_Host_SendControlRequest
    configdescriptor.o(i.USB_Host_GetDeviceConfigDescriptor) refers to configdescriptor.o(.constdata) for .constdata
    configdescriptor.o(i.USB_Host_GetDeviceConfigDescriptor) refers to usbtask.o(.data) for USB_ControlRequest
    configdescriptor.o(i.USB_Host_GetDeviceConfigDescriptor) refers to pipe_lpc.o(.data) for pipeselected
    hoststandardreq.o(i.USB_Host_ClearEndpointStall) refers to hoststandardreq.o(i.USB_Host_SendControlRequest) for USB_Host_SendControlRequest
    hoststandardreq.o(i.USB_Host_ClearEndpointStall) refers to hoststandardreq.o(.constdata) for .constdata
    hoststandardreq.o(i.USB_Host_ClearEndpointStall) refers to usbtask.o(.data) for USB_ControlRequest
    hoststandardreq.o(i.USB_Host_ClearEndpointStall) refers to pipe_lpc.o(.data) for pipeselected
    hoststandardreq.o(i.USB_Host_GetDeviceDescriptor) refers to hoststandardreq.o(i.USB_Host_SendControlRequest) for USB_Host_SendControlRequest
    hoststandardreq.o(i.USB_Host_GetDeviceDescriptor) refers to hoststandardreq.o(.constdata) for .constdata
    hoststandardreq.o(i.USB_Host_GetDeviceDescriptor) refers to usbtask.o(.data) for USB_ControlRequest
    hoststandardreq.o(i.USB_Host_GetDeviceDescriptor) refers to pipe_lpc.o(.data) for pipeselected
    hoststandardreq.o(i.USB_Host_GetDeviceStatus) refers to hoststandardreq.o(i.USB_Host_SendControlRequest) for USB_Host_SendControlRequest
    hoststandardreq.o(i.USB_Host_GetDeviceStatus) refers to hoststandardreq.o(.constdata) for .constdata
    hoststandardreq.o(i.USB_Host_GetDeviceStatus) refers to usbtask.o(.data) for USB_ControlRequest
    hoststandardreq.o(i.USB_Host_GetDeviceStatus) refers to pipe_lpc.o(.data) for pipeselected
    hoststandardreq.o(i.USB_Host_GetDeviceStringDescriptor) refers to hoststandardreq.o(i.USB_Host_SendControlRequest) for USB_Host_SendControlRequest
    hoststandardreq.o(i.USB_Host_GetDeviceStringDescriptor) refers to hoststandardreq.o(.constdata) for .constdata
    hoststandardreq.o(i.USB_Host_GetDeviceStringDescriptor) refers to usbtask.o(.data) for USB_ControlRequest
    hoststandardreq.o(i.USB_Host_GetDeviceStringDescriptor) refers to pipe_lpc.o(.data) for pipeselected
    hoststandardreq.o(i.USB_Host_SendControlRequest) refers to pipestream_lpc.o(i.Pipe_Write_Stream_LE) for Pipe_Write_Stream_LE
    hoststandardreq.o(i.USB_Host_SendControlRequest) refers to ohci.o(i.HcdControlTransfer) for HcdControlTransfer
    hoststandardreq.o(i.USB_Host_SendControlRequest) refers to usbtask.o(.data) for USB_ControlRequest
    hoststandardreq.o(i.USB_Host_SendControlRequest) refers to pipe_lpc.o(.bss) for PipeInfo
    hoststandardreq.o(i.USB_Host_SendControlRequest) refers to pipe_lpc.o(.data) for pipeselected
    hoststandardreq.o(i.USB_Host_SetDeviceConfiguration) refers to hoststandardreq.o(i.USB_Host_SendControlRequest) for USB_Host_SendControlRequest
    hoststandardreq.o(i.USB_Host_SetDeviceConfiguration) refers to hoststandardreq.o(.constdata) for .constdata
    hoststandardreq.o(i.USB_Host_SetDeviceConfiguration) refers to usbtask.o(.data) for USB_ControlRequest
    hoststandardreq.o(i.USB_Host_SetDeviceConfiguration) refers to pipe_lpc.o(.data) for pipeselected
    hoststandardreq.o(i.USB_Host_SetDeviceConfiguration) refers to hoststandardreq.o(.data) for USB_Host_ConfigurationNumber
    hoststandardreq.o(i.USB_Host_SetInterfaceAltSetting) refers to hoststandardreq.o(i.USB_Host_SendControlRequest) for USB_Host_SendControlRequest
    hoststandardreq.o(i.USB_Host_SetInterfaceAltSetting) refers to hoststandardreq.o(.constdata) for .constdata
    hoststandardreq.o(i.USB_Host_SetInterfaceAltSetting) refers to usbtask.o(.data) for USB_ControlRequest
    hoststandardreq.o(i.USB_Host_SetInterfaceAltSetting) refers to pipe_lpc.o(.data) for pipeselected
    usbtask.o(i.USB_HostTask) refers to host_lpc.o(i.USB_Host_ProcessNextHostState) for USB_Host_ProcessNextHostState
    usbtask.o(i.USB_HostTask) refers to pipe_lpc.o(.data) for pipeselected
    usbtask.o(i.USB_USBTask) refers to usbtask.o(i.USB_HostTask) for USB_HostTask
    usbmemory.o(i.USB_Memory_Alloc) refers to usbmemory.o(.bss) for USB_Mem_Buffer
[...]
    SDP_GetUUIDList                          0x00004c11   Thumb Code   120  sdp.o(i.SDP_GetUUIDList)
    i.SDP_Init                               0x00004c8c   Section        0  sdp.o(i.SDP_Init)
    i.SDP_Manage                             0x00004cc4   Section        0  sdp.o(i.SDP_Manage)
    i.SDP_ProcessPacket                      0x00004cc6   Section        0  sdp.o(i.SDP_ProcessPacket)
    i.SDP_ReadData16                         0x00004d1a   Section        0  sdp.o(i.SDP_ReadData16)
    SDP_ReadData16                           0x00004d1b   Thumb Code    24  sdp.o(i.SDP_ReadData16)
    i.SDP_ReadData32                         0x00004d32   Section        0  sdp.o(i.SDP_ReadData32)
    SDP_ReadData32                           0x00004d33   Thumb Code    24  sdp.o(i.SDP_ReadData32)
    i.SDP_ReadData8                          0x00004d4a   Section        0  sdp.o(i.SDP_ReadData8)
    SDP_ReadData8                            0x00004d4b   Thumb Code    14  sdp.o(i.SDP_ReadData8)
    i.SDP_RegisterService                    0x00004d58   Section        0  sdp.o(i.SDP_RegisterService)
    i.SDP_SearchServiceTable                 0x00004d7c   Section        0  sdp.o(i.SDP_SearchServiceTable)
    SDP_SearchServiceTable                   0x00004d7d   Thumb Code    98  sdp.o(i.SDP_SearchServiceTable)
    i.SDP_SendFrame                          0x00004dde   Section        0  sdp.o(i.SDP_SendFrame)
    SDP_SendFrame                            0x00004ddf   Thumb Code    28  sdp.o(i.SDP_SendFrame)
    i.SDP_ServiceAttribute                   0x00004dfc   Section        0  sdp.o(i.SDP_ServiceAttribute)
    SDP_ServiceAttribute                     0x00004dfd   Thumb Code   230  sdp.o(i.SDP_ServiceAttribute)
    i.SDP_ServiceSearch                      0x00004ee8   Section        0  sdp.o(i.SDP_ServiceSearch)
    SDP_ServiceSearch                        0x00004ee9   Thumb Code   244  sdp.o(i.SDP_ServiceSearch)
    i.SDP_ServiceSearchAttribute             0x00004fe0   Section        0  sdp.o(i.SDP_ServiceSearchAttribute)
    SDP_ServiceSearchAttribute               0x00004fe1   Thumb Code   224  sdp.o(i.SDP_ServiceSearchAttribute)
    i.SDP_WriteData16                        0x000050c4   Section        0  sdp.o(i.SDP_WriteData16)
    SDP_WriteData16                          0x000050c5   Thumb Code    24  sdp.o(i.SDP_WriteData16)
    i.SDP_WriteData8                         0x000050dc   Section        0  sdp.o(i.SDP_WriteData8)
    SDP_WriteData8                           0x000050dd   Thumb Code    12  sdp.o(i.SDP_WriteData8)
    i.SDP_WriteSequenceHeader16              0x000050e8   Section        0  sdp.o(i.SDP_WriteSequenceHeader16)
    SDP_WriteSequenceHeader16                0x000050e9   Thumb Code    26  sdp.o(i.SDP_WriteSequenceHeader16)
    i.Serial_CreateStream                    0x00005102   Section        0  bsp.o(i.Serial_CreateStream)
    i.Serial_Init                            0x00005104   Section        0  bsp_mcb1700.o(i.Serial_Init)
    i.SetupHardware                          0x00005158   Section        0  bluetoothrobot.o(i.SetupHardware)
    i.SwapEndian_16                          0x00005200   Section        0  sdp.o(i.SwapEndian_16)
    SwapEndian_16                            0x00005201   Thumb Code    28  sdp.o(i.SwapEndian_16)
    i.SwapEndian_32                          0x0000521c   Section        0  sdp.o(i.SwapEndian_32)
    SwapEndian_32                            0x0000521d   Thumb Code    42  sdp.o(i.SwapEndian_32)
    i.SystemInit                             0x00005248   Section        0  system_lpc17xx.o(i.SystemInit)
    i.TIMER1_IRQHandler                      0x000053a8   Section        0  bsp_mcb1700.o(i.TIMER1_IRQHandler)
    i.UART_ConfigStructInit                  0x00005460   Section        0  lpc17xx_uart.o(i.UART_ConfigStructInit)
    i.UART_Init                              0x00005474   Section        0  lpc17xx_uart.o(i.UART_Init)
    i.UART_Send                              0x000055ec   Section        0  lpc17xx_uart.o(i.UART_Send)
    i.UART_SendByte                          0x00005680   Section        0  lpc17xx_uart.o(i.UART_SendByte)
    i.UART_TxCmd                             0x00005694   Section        0  lpc17xx_uart.o(i.UART_TxCmd)
    i.USB_GetNextDescriptor                  0x000056dc   Section        0  configdescriptor.o(i.USB_GetNextDescriptor)
    USB_GetNextDescriptor                    0x000056dd   Thumb Code    26  configdescriptor.o(i.USB_GetNextDescriptor)
    i.USB_GetNextDescriptorComp              0x000056f6   Section        0  configdescriptor.o(i.USB_GetNextDescriptorComp)
    i.USB_GetNextDescriptorOfType            0x0000573a   Section        0  configdescriptor.o(i.USB_GetNextDescriptorOfType)
    i.USB_HostTask                           0x00005760   Section        0  usbtask.o(i.USB_HostTask)
    USB_HostTask                             0x00005761   Thumb Code    32  usbtask.o(i.USB_HostTask)
    i.USB_Host_DeEnumerate                   0x00005784   Section        0  host_lpc.o(i.USB_Host_DeEnumerate)
    i.USB_Host_Enumerate                     0x000057c0   Section        0  host_lpc.o(i.USB_Host_Enumerate)
    i.USB_Host_GetDeviceConfigDescriptor     0x000057e4   Section        0  configdescriptor.o(i.USB_Host_GetDeviceConfigDescriptor)
    i.USB_Host_GetDeviceDescriptor           0x0000586c   Section        0  hoststandardreq.o(i.USB_Host_GetDeviceDescriptor)
    i.USB_Host_ProcessNextHostState          0x000058a0   Section        0  host_lpc.o(i.USB_Host_ProcessNextHostState)
    i.USB_Host_SendControlRequest            0x00005ad0   Section        0  hoststandardreq.o(i.USB_Host_SendControlRequest)
    i.USB_Host_SetDeviceConfiguration        0x00005bb4   Section        0  hoststandardreq.o(i.USB_Host_SetDeviceConfiguration)
    i.USB_Host_SetDeviceSpeed                0x00005c08   Section        0  host_lpc.o(i.USB_Host_SetDeviceSpeed)
    i.USB_Host_WaitMS                        0x00005c14   Section        0  host_lpc.o(i.USB_Host_WaitMS)
    i.USB_IRQHandler                         0x00005c1a   Section        0  hal_lpc17xx.o(i.USB_IRQHandler)
    i.USB_Init                               0x00005c24   Section        0  usbcontroller_lpc.o(i.USB_Init)
    i.USB_Init_Host                          0x00005c44   Section        0  usbcontroller_lpc.o(i.USB_Init_Host)
    USB_Init_Host                            0x00005c45   Thumb Code    66  usbcontroller_lpc.o(i.USB_Init_Host)
    i.USB_Memory_Alloc                       0x00005c9c   Section        0  usbmemory.o(i.USB_Memory_Alloc)
    i.USB_Memory_Free                        0x00005d54   Section        0  usbmemory.o(i.USB_Memory_Free)
    i.USB_Memory_Init                        0x00005e2c   Section        0  usbmemory.o(i.USB_Memory_Init)
    i.USB_ResetInterface                     0x00005e58   Section        0  usbcontroller_lpc.o(i.USB_ResetInterface)
    i.USB_USBTask                            0x00005e60   Section        0  usbtask.o(i.USB_USBTask)
    i.WaitForTransferComplete                0x00005e68   Section        0  ohci.o(i.WaitForTransferComplete)
    WaitForTransferComplete                  0x00005e69   Thumb Code    30  ohci.o(i.WaitForTransferComplete)
    i._is_digit                              0x00005e86   Section        0  __printf_wp.o(i._is_digit)
    i._sys_exit                              0x00005e94   Section        0  bsp.o(i._sys_exit)
    i.ferror                                 0x00005e98   Section        0  bsp.o(i.ferror)
    i.fputc                                  0x00005ea0   Section        0  bsp.o(i.fputc)
    i.init_timer                             0x00005eb8   Section        0  bluetoothrobot.o(i.init_timer)
    i.main                                   0x00005f1c   Section        0  bluetoothrobot.o(i.main)
    i.rfcomm_send_data                       0x00005f9c   Section        0  bluetoothrobot.o(i.rfcomm_send_data)
    i.set_OpenDrainMode                      0x00005fec   Section        0  lpc17xx_pinsel.o(i.set_OpenDrainMode)
    set_OpenDrainMode                        0x00005fed   Thumb Code    42  lpc17xx_pinsel.o(i.set_OpenDrainMode)
    i.set_PinFunc                            0x0000601c   Section        0  lpc17xx_pinsel.o(i.set_PinFunc)
    set_PinFunc                              0x0000601d   Thumb Code    60  lpc17xx_pinsel.o(i.set_PinFunc)
    i.set_ResistorMode                       0x0000605c   Section        0  lpc17xx_pinsel.o(i.set_ResistorMode)
    set_ResistorMode                         0x0000605d   Thumb Code    60  lpc17xx_pinsel.o(i.set_ResistorMode)
    i.uart_set_divisors                      0x0000609c   Section        0  lpc17xx_uart.o(i.uart_set_divisors)
    uart_set_divisors                        0x0000609d   Thumb Code   532  lpc17xx_uart.o(i.uart_set_divisors)
    x$fpl$fpinit                             0x000062c0   Section       14  fpinit.o(x$fpl$fpinit)
    .constdata                               0x000062d0   Section        8  configdescriptor.o(.constdata)
    .constdata                               0x000062d8   Section       48  hoststandardreq.o(.constdata)
    .constdata                               0x00006308   Section       16  host_lpc.o(.constdata)
    .constdata                               0x00006318   Section        8  bluetoothadapter.o(.constdata)
    .constdata                               0x00006320   Section       72  bluetoothhci.o(.constdata)
    .constdata                               0x00006368   Section       16  sdp.o(.constdata)
    .constdata                               0x00006378   Section      265  rfcomm.o(.constdata)
    RFCOMM_CRC8Table                         0x00006378   Data         256  rfcomm.o(.constdata)
    .constdata                               0x00006481   Section      192  rfcommservicetable.o(.constdata)
    SerialPort_Attribute_ServiceHandle       0x00006481   Data           5  rfcommservicetable.o(.constdata)
    SerialPort_Attribute_ServiceClassIDs     0x00006486   Data          19  rfcommservicetable.o(.constdata)
    SerialPort_Attribute_ProtocolDescriptor  0x00006499   Data          42  rfcommservicetable.o(.constdata)
    SerialPort_Attribute_BrowseGroupList     0x000064c3   Data          19  rfcommservicetable.o(.constdata)
    SerialPort_Attribute_LanguageBaseIDOffset 0x000064d6   Data          11  rfcommservicetable.o(.constdata)
    SerialPort_Attribute_ServiceName         0x000064e1   Data          23  rfcommservicetable.o(.constdata)
    SerialPort_Attribute_ServiceDescription  0x000064f8   Data          31  rfcommservicetable.o(.constdata)
    SerialPort_Attribute_Table               0x00006517   Data          42  rfcommservicetable.o(.constdata)
    .constdata                               0x00006541   Section       40  _printf_hex_int.o(.constdata)
    uc_hextab                                0x00006541   Data          20  _printf_hex_int.o(.constdata)
    lc_hextab                                0x00006555   Data          20  _printf_hex_int.o(.constdata)
    .constdata                               0x00006569   Section       17  __printf_flags_wp.o(.constdata)
    maptable                                 0x00006569   Data          17  __printf_flags_wp.o(.constdata)
    .conststring                             0x0000657a   Section        5  bluetoothadapter.o(.conststring)
    .data                                    0x10000000   Section        1  hoststandardreq.o(.data)
    .data                                    0x10000001   Section       10  usbtask.o(.data)
    .data                                    0x1000000c   Section        5  host_lpc.o(.data)
    CurrentHostID                            0x1000000c   Data           1  host_lpc.o(.data)
    WaitMSRemaining                          0x1000000e   Data           2  host_lpc.o(.data)
    PostWaitState                            0x10000010   Data           1  host_lpc.o(.data)
    .data                                    0x10000011   Section        3  pipe_lpc.o(.data)
    .data                                    0x10000014   Section        1  usbcontroller_lpc.o(.data)
    .data                                    0x10000018   Section        4  system_lpc17xx.o(.data)
    .data                                    0x1000001c   Section       15  bluetoothrobot.o(.data)
    tog                                      0x1000001c   Data           1  bluetoothrobot.o(.data)
    tog                                      0x1000001d   Data           1  bluetoothrobot.o(.data)
    cnt                                      0x1000001e   Data           2  bluetoothrobot.o(.data)
    .data                                    0x1000002b   Section      201  bluetoothadapter.o(.data)
    BluetoothAdapter_Stack                   0x1000002b   Data         188  bluetoothadapter.o(.data)
    .data                                    0x100000f4   Section        4  bluetoothcontrol.o(.data)
    .data                                    0x100000f8   Section       13  bluetoothhci.o(.data)
    .data                                    0x10000108   Section        8  bluetoothl2cap.o(.data)
    len                                      0x10000108   Data           2  bluetoothl2cap.o(.data)
    ret                                      0x1000010a   Data           1  bluetoothl2cap.o(.data)
    ptr                                      0x1000010c   Data           4  bluetoothl2cap.o(.data)
    .data                                    0x10000110   Section        4  sdp.o(.data)
    RegisteredServices                       0x10000110   Data           4  sdp.o(.data)
    .data                                    0x10000114   Section       12  rfcomm.o(.data)
    RFCOMM_ChannelListValid                  0x10000114   Data           1  rfcomm.o(.data)
    CRCLength                                0x10000115   Data           1  rfcomm.o(.data)
    CommandResp                              0x10000116   Data           1  rfcomm.o(.data)
    len                                      0x10000118   Data           2  rfcomm.o(.data)
    ret                                      0x1000011a   Data           1  rfcomm.o(.data)
    ptr                                      0x1000011c   Data           4  rfcomm.o(.data)
    .data                                    0x10000120   Section       16  rfcommservicetable.o(.data)
    .data                                    0x10000130   Section        8  bsp.o(.data)
    .data                                    0x10000138   Section       16  bsp_mcb1700.o(.data)
    .bss                                     0x10000148   Section     2048  usbmemory.o(.bss)
    USB_Mem_Buffer                           0x10000148   Data        2048  usbmemory.o(.bss)
    .bss                                     0x10000948   Section      128  pipe_lpc.o(.bss)
    .bss                                     0x10000a00   Section     1280  ohci.o(.bss)
    .bss                                     0x10000f00   Section       22  bluetoothadapter.o(.bss)
    .bss                                     0x10000f16   Section       22  bluetoothhci.o(.bss)
    .bss                                     0x10000f2c   Section      120  rfcomm.o(.bss)
    RFCOMM_Channels                          0x10000f2c   Data         120  rfcomm.o(.bss)
    .bss                                     0x10000fa4   Section     2048  bsp_mcb1700.o(.bss)
    .bss                                     0x100017a4   Section       96  libspace.o(.bss)
    HEAP                                     0x10001808   Section      256  startup_lpc17xx.o(HEAP)
    Heap_Mem                                 0x10001808   Data         256  startup_lpc17xx.o(HEAP)
    STACK                                    0x10001908   Section     2048  startup_lpc17xx.o(STACK)
    Stack_Mem                                0x10001908   Data        2048  startup_lpc17xx.o(STACK)
    __initial_sp                             0x10002108   Data           0  startup_lpc17xx.o(STACK)

    Global Symbols

    Symbol Name                              Value     Ov Type        Size  Object(Section)

    BuildAttributes$$THM_ISAv4$P$D$K$B$S$PE$A:L22UL41UL21$X:L11$S22US41US21$IEEE1$IW$USESV6$~STKCKD$USESV7$~SHL$OSPACE$ROPI$EBA8$UX$STANDARDLIB$REQ8$PRES8$EABIv2 0x00000000   Number         0  anon$$obj.o ABSOLUTE
    __ARM_use_no_argv                        0x00000000   Number         0  bluetoothrobot.o ABSOLUTE
    __Vectors                                0x00000000   Data           4  startup_lpc17xx.o(RESET)
    _printf_flags                            0x00000000   Number         0  printf_stubs.o ABSOLUTE
    _printf_return_value                     0x00000000   Number         0  printf_stubs.o ABSOLUTE
    _printf_sizespec                         0x00000000   Number         0  printf_stubs.o ABSOLUTE
    _printf_widthprec                        0x00000000   Number         0  printf_stubs.o ABSOLUTE
    __ARM_exceptions_init                     - Undefined Weak Reference
    __alloca_initialize                       - Undefined Weak Reference
    __cpp_initialize__aeabi_                  - Undefined Weak Reference
    __cxa_finalize                            - Undefined Weak Reference
    __rt_locale                               - Undefined Weak Reference
    __sigvec_lookup                           - Undefined Weak Reference
    _atexit_init                              - Undefined Weak Reference
    _call_atexit_fns                          - Undefined Weak Reference
    _clock_init                               - Undefined Weak Reference
    _fp_trap_init                             - Undefined Weak Reference
    _fp_trap_shutdown                         - Undefined Weak Reference
    _get_lc_collate                           - Undefined Weak Reference
    _get_lc_ctype                             - Undefined Weak Reference
    _get_lc_monetary                          - Undefined Weak Reference
    _get_lc_numeric                           - Undefined Weak Reference
    _get_lc_time                              - Undefined Weak Reference
    _getenv_init                              - Undefined Weak Reference
    _handle_redirection                       - Undefined Weak Reference
    _init_alloc                               - Undefined Weak Reference
    _init_user_alloc                          - Undefined Weak Reference
    _initio                                   - Undefined Weak Reference
    _printf_mbtowc                            - Undefined Weak Reference
    _printf_truncate_unsigned                 - Undefined Weak Reference
    _rand_init                                - Undefined Weak Reference
    _signal_finish                            - Undefined Weak Reference
    _signal_init                              - Undefined Weak Reference
    _terminate_alloc                          - Undefined Weak Reference
    _terminate_user_alloc                     - Undefined Weak Reference
    _terminateio                              - Undefined Weak Reference
    __main                                   0x000000cd   Thumb Code     8  __main.o(!!!main)
    __scatterload                            0x000000d5   Thumb Code     0  __scatter.o(!!!scatter)
    __scatterload_rt2                        0x000000d5   Thumb Code    44  __scatter.o(!!!scatter)
    __scatterload_rt2_thumb_only             0x000000d5   Thumb Code     0  __scatter.o(!!!scatter)
    __scatterload_null                       0x000000e3   Thumb Code     0  __scatter.o(!!!scatter)
    __decompress                             0x00000109   Thumb Code    58  __dczerorl.o(!!dczerorl)
    __decompress0                            0x00000109   Thumb Code     0  __dczerorl.o(!!dczerorl)
    __scatterload_zeroinit                   0x00000145   Thumb Code    28  __scatter_zi.o(!!handler_zi)
    _printf_percent                          0x00000161   Thumb Code     0  _printf_percent.o(.ARM.Collect$$_printf_percent$$00000000)
    _printf_x                                0x00000161   Thumb Code     0  _printf_x.o(.ARM.Collect$$_printf_percent$$0000000C)
    _printf_s                                0x00000167   Thumb Code     0  _printf_s.o(.ARM.Collect$$_printf_percent$$00000014)
    _printf_percent_end                      0x0000016d   Thumb Code     0  _printf_percent_end.o(.ARM.Collect$$_printf_percent$$00000017)
    __rt_lib_init                            0x00000171   Thumb Code     0  libinit.o(.ARM.Collect$$libinit$$00000000)
    __rt_lib_init_alloca_1                   0x00000177   Thumb Code     0  libinit2.o(.ARM.Collect$$libinit$$0000002A)
    __rt_lib_init_argv_1                     0x00000177   Thumb Code     0  libinit2.o(.ARM.Collect$$libinit$$00000028)
    __rt_lib_init_atexit_1                   0x00000177   Thumb Code     0  libinit2.o(.ARM.Collect$$libinit$$00000017)
    __rt_lib_init_clock_1                    0x00000177   Thumb Code     0  libinit2.o(.ARM.Collect$$libinit$$0000001D)
    __rt_lib_init_cpp_1                      0x00000177   Thumb Code     0  libinit2.o(.ARM.Collect$$libinit$$0000002E)
    __rt_lib_init_exceptions_1               0x00000177   Thumb Code     0  libinit2.o(.ARM.Collect$$libinit$$0000002C)
    __rt_lib_init_fp_trap_1                  0x00000177   Thumb Code     0  libinit2.o(.ARM.Collect$$libinit$$0000001B)
    __rt_lib_init_getenv_1                   0x00000177   Thumb Code     0  libinit2.o(.ARM.Collect$$libinit$$0000001F)
    __rt_lib_init_heap_1                     0x00000177   Thumb Code     0  libinit2.o(.ARM.Collect$$libinit$$00000006)
    __rt_lib_init_lc_collate_1               0x00000177   Thumb Code     0  libinit2.o(.ARM.Collect$$libinit$$0000000D)
    __rt_lib_init_lc_ctype_1                 0x00000177   Thumb Code     0  libinit2.o(.ARM.Collect$$libinit$$0000000F)
    __rt_lib_init_lc_monetary_1              0x00000177   Thumb Code     0  libinit2.o(.ARM.Collect$$libinit$$00000011)
    __rt_lib_init_lc_numeric_1               0x00000177   Thumb Code     0  libinit2.o(.ARM.Collect$$libinit$$00000013)
    __rt_lib_init_lc_time_1                  0x00000177   Thumb Code     0  libinit2.o(.ARM.Collect$$libinit$$00000015)
    __rt_lib_init_rand_1                     0x00000177   Thumb Code     0  libinit2.o(.ARM.Collect$$libinit$$0000000A)
    __rt_lib_init_return                     0x00000177   Thumb Code     0  libinit2.o(.ARM.Collect$$libinit$$0000002F)
    __rt_lib_init_signal_1                   0x00000177   Thumb Code     0  libinit2.o(.ARM.Collect$$libinit$$00000019)
    __rt_lib_init_stdio_1                    0x00000177   Thumb Code     0  libinit2.o(.ARM.Collect$$libinit$$00000021)
    __rt_lib_init_user_alloc_1               0x00000177   Thumb Code     0  libinit2.o(.ARM.Collect$$libinit$$00000008)
    __rt_lib_shutdown                        0x00000179   Thumb Code     0  libshutdown.o(.ARM.Collect$$libshutdown$$00000000)
    __rt_lib_shutdown_fp_trap_1              0x0000017b   Thumb Code     0  libshutdown2.o(.ARM.Collect$$libshutdown$$00000006)
    __rt_lib_shutdown_heap_1                 0x0000017b   Thumb Code     0  libshutdown2.o(.ARM.Collect$$libshutdown$$0000000E)
    __rt_lib_shutdown_return                 0x0000017b   Thumb Code     0  libshutdown2.o(.ARM.Collect$$libshutdown$$0000000F)
    __rt_lib_shutdown_signal_1               0x0000017b   Thumb Code     0  libshutdown2.o(.ARM.Collect$$libshutdown$$00000009)
    __rt_lib_shutdown_stdio_1                0x0000017b   Thumb Code     0  libshutdown2.o(.ARM.Collect$$libshutdown$$00000003)
    __rt_lib_shutdown_user_alloc_1           0x0000017b   Thumb Code     0  libshutdown2.o(.ARM.Collect$$libshutdown$$0000000B)
    __rt_entry                               0x0000017d   Thumb Code     0  rtentry.o(.ARM.Collect$$rtentry$$00000000)
    __rt_entry_presh_1                       0x0000017d   Thumb Code     0  rtentry2.o(.ARM.Collect$$rtentry$$00000002)
    __rt_entry_sh                            0x0000017d   Thumb Code     0  rtentry4.o(.ARM.Collect$$rtentry$$00000004)
    __rt_entry_li                            0x00000183   Thumb Code     0  rtentry2.o(.ARM.Collect$$rtentry$$0000000A)
    __rt_entry_postsh_1                      0x00000183   Thumb Code     0  rtentry2.o(.ARM.Collect$$rtentry$$00000009)
    __rt_entry_main                          0x00000187   Thumb Code     0  rtentry2.o(.ARM.Collect$$rtentry$$0000000D)
    __rt_entry_postli_1                      0x00000187   Thumb Code     0  rtentry2.o(.ARM.Collect$$rtentry$$0000000C)
    __rt_exit                                0x0000018f   Thumb Code     0  rtexit.o(.ARM.Collect$$rtexit$$00000000)
    __rt_exit_ls                             0x00000191   Thumb Code     0  rtexit2.o(.ARM.Collect$$rtexit$$00000003)
    __rt_exit_prels_1                        0x00000191   Thumb Code     0  rtexit2.o(.ARM.Collect$$rtexit$$00000002)
    __rt_exit_exit                           0x00000195   Thumb Code     0  rtexit2.o(.ARM.Collect$$rtexit$$00000004)
    Reset_Handler                            0x0000019d   Thumb Code     8  startup_lpc17xx.o(.text)
    NMI_Handler                              0x000001a5   Thumb Code     2  startup_lpc17xx.o(.text)
    HardFault_Handler                        0x000001a7   Thumb Code     2  startup_lpc17xx.o(.text)
    MemManage_Handler                        0x000001a9   Thumb Code     2  startup_lpc17xx.o(.text)
    BusFault_Handler                         0x000001ab   Thumb Code     2  startup_lpc17xx.o(.text)
    UsageFault_Handler                       0x000001ad   Thumb Code     2  startup_lpc17xx.o(.text)
    SVC_Handler                              0x000001af   Thumb Code     2  startup_lpc17xx.o(.text)
    DebugMon_Handler                         0x000001b1   Thumb Code     2  startup_lpc17xx.o(.text)
    PendSV_Handler                           0x000001b3   Thumb Code     2  startup_lpc17xx.o(.text)
    SysTick_Handler                          0x000001b5   Thumb Code     2  startup_lpc17xx.o(.text)
    ADC_IRQHandler                           0x000001b7   Thumb Code     0  startup_lpc17xx.o(.text)
    BOD_IRQHandler                           0x000001b7   Thumb Code     0  startup_lpc17xx.o(.text)
    CANActivity_IRQHandler                   0x000001b7   Thumb Code     0  startup_lpc17xx.o(.text)
    CAN_IRQHandler                           0x000001b7   Thumb Code     0  startup_lpc17xx.o(.text)
    DMA_IRQHandler                           0x000001b7   Thumb Code     0  startup_lpc17xx.o(.text)
    EINT0_IRQHandler                         0x000001b7   Thumb Code     0  startup_lpc17xx.o(.text)
    EINT1_IRQHandler                         0x000001b7   Thumb Code     0  startup_lpc17xx.o(.text)
    EINT2_IRQHandler                         0x000001b7   Thumb Code     0  startup_lpc17xx.o(.text)
    EINT3_IRQHandler                         0x000001b7   Thumb Code     0  startup_lpc17xx.o(.text)
    ENET_IRQHandler                          0x000001b7   Thumb Code     0  startup_lpc17xx.o(.text)
    I2C0_IRQHandler                          0x000001b7   Thumb Code     0  startup_lpc17xx.o(.text)
    I2C1_IRQHandler                          0x000001b7   Thumb Code     0  startup_lpc17xx.o(.text)
    I2C2_IRQHandler                          0x000001b7   Thumb Code     0  startup_lpc17xx.o(.text)
    I2S_IRQHandler                           0x000001b7   Thumb Code     0  startup_lpc17xx.o(.text)
    MCPWM_IRQHandler                         0x000001b7   Thumb Code     0  startup_lpc17xx.o(.text)
    PLL0_IRQHandler                          0x000001b7   Thumb Code     0  startup_lpc17xx.o(.text)
    PLL1_IRQHandler                          0x000001b7   Thumb Code     0  startup_lpc17xx.o(.text)
    PWM1_IRQHandler                          0x000001b7   Thumb Code     0  startup_lpc17xx.o(.text)
    QEI_IRQHandler                           0x000001b7   Thumb Code     0  startup_lpc17xx.o(.text)
    RIT_IRQHandler                           0x000001b7   Thumb Code     0  startup_lpc17xx.o(.text)
    RTC_IRQHandler                           0x000001b7   Thumb Code     0  startup_lpc17xx.o(.text)
    SPI_IRQHandler                           0x000001b7   Thumb Code     0  startup_lpc17xx.o(.text)
    SSP0_IRQHandler                          0x000001b7   Thumb Code     0  startup_lpc17xx.o(.text)
    SSP1_IRQHandler                          0x000001b7   Thumb Code     0  startup_lpc17xx.o(.text)
    TIMER0_IRQHandler                        0x000001b7   Thumb Code     0  startup_lpc17xx.o(.text)
    TIMER2_IRQHandler                        0x000001b7   Thumb Code     0  startup_lpc17xx.o(.text)
    TIMER3_IRQHandler                        0x000001b7   Thumb Code     0  startup_lpc17xx.o(.text)
    UART0_IRQHandler                         0x000001b7   Thumb Code     0  startup_lpc17xx.o(.text)
    UART1_IRQHandler                         0x000001b7   Thumb Code     0  startup_lpc17xx.o(.text)
    UART2_IRQHandler                         0x000001b7   Thumb Code     0  startup_lpc17xx.o(.text)
    UART3_IRQHandler                         0x000001b7   Thumb Code     0  startup_lpc17xx.o(.text)
    USBActivity_IRQHandler                   0x000001b7   Thumb Code     0  startup_lpc17xx.o(.text)
    WDT_IRQHandler                           0x000001b7   Thumb Code     0  startup_lpc17xx.o(.text)
    __user_initial_stackheap                 0x000001b9   Thumb Code     0  startup_lpc17xx.o(.text)
    __I$use$semihosting                      0x000001dd   Thumb Code     0  use_no_semi.o(.text)
    __use_no_semihosting_swi                 0x000001dd   Thumb Code     2  use_no_semi.o(.text)
    __aeabi_uldivmod                         0x000001df   Thumb Code     0  lludivv7m.o(.text)
    _ll_udiv                                 0x000001df   Thumb Code   238  lludivv7m.o(.text)
    __aeabi_llsl                             0x000002cd   Thumb Code     0  llshl.o(.text)
    _ll_shift_l                              0x000002cd   Thumb Code    38  llshl.o(.text)
    __aeabi_llsr                             0x000002f3   Thumb Code     0  llushr.o(.text)
    _ll_ushift_r                             0x000002f3   Thumb Code    38  llushr.o(.text)
    __2printf                                0x00000319   Thumb Code    20  noretval__2printf.o(.text)
    _printf_pre_padding                      0x00000331   Thumb Code    46  _printf_pad.o(.text)
    _printf_post_padding                     0x0000035f   Thumb Code    36  _printf_pad.o(.text)
    _printf_str                              0x00000383   Thumb Code    82  _printf_str.o(.text)
    _printf_int_hex                          0x000003d5   Thumb Code    88  _printf_hex_int.o(.text)
    _printf_longlong_hex                     0x000003d5   Thumb Code     0  _printf_hex_int.o(.text)
    __printf                                 0x00000431   Thumb Code   310  __printf_flags_wp.o(.text)
    strlcpy                                  0x0000056d   Thumb Code   140  strlcpy.o(.text)
    memcmp                                   0x000005f9   Thumb Code    88  memcmp.o(.text)
    strlen                                   0x00000651   Thumb Code    62  strlen.o(.text)
    __aeabi_memcpy                           0x0000068f   Thumb Code     0  rt_memcpy_v6.o(.text)
    __rt_memcpy                              0x0000068f   Thumb Code   138  rt_memcpy_v6.o(.text)
    _memcpy_lastbytes                        0x000006f5   Thumb Code     0  rt_memcpy_v6.o(.text)
    __aeabi_memmove                          0x00000719   Thumb Code     0  rt_memmove_v6.o(.text)
    __rt_memmove                             0x00000719   Thumb Code   132  rt_memmove_v6.o(.text)
    __memmove_lastfew                        0x00000779   Thumb Code     0  rt_memmove_v6.o(.text)
    __aeabi_memclr                           0x0000079d   Thumb Code     0  rt_memclr.o(.text)
    __rt_memclr                              0x0000079d   Thumb Code    68  rt_memclr.o(.text)
    _memset                                  0x000007a1   Thumb Code     0  rt_memclr.o(.text)
    __aeabi_memclr4                          0x000007e1   Thumb Code     0  rt_memclr_w.o(.text)
    __aeabi_memclr8                          0x000007e1   Thumb Code     0  rt_memclr_w.o(.text)
    __rt_memclr_w                            0x000007e1   Thumb Code    78  rt_memclr_w.o(.text)
    _memset_w                                0x000007e5   Thumb Code     0  rt_memclr_w.o(.text)
    __use_two_region_memory                  0x0000082f   Thumb Code     2  heapauxi.o(.text)
    __rt_heap_escrow$2region                 0x00000831   Thumb Code     2  heapauxi.o(.text)
    __rt_heap_expand$2region                 0x00000833   Thumb Code     2  heapauxi.o(.text)
    _printf_int_common                       0x00000835   Thumb Code   184  _printf_intcommon.o(.text)
    _printf_cs_common                        0x000008ed   Thumb Code    20  _printf_char.o(.text)
    _printf_char                             0x00000901   Thumb Code    16  _printf_char.o(.text)
    _printf_string                           0x00000911   Thumb Code     8  _printf_char.o(.text)
    _printf_char_file                        0x00000919   Thumb Code    32  _printf_char_file.o(.text)
    __aeabi_memcpy4                          0x0000093d   Thumb Code     0  rt_memcpy_w.o(.text)
    __aeabi_memcpy8                          0x0000093d   Thumb Code     0  rt_memcpy_w.o(.text)
    __rt_memcpy_w                            0x0000093d   Thumb Code   100  rt_memcpy_w.o(.text)
    _memcpy_lastbytes_aligned                0x00000985   Thumb Code     0  rt_memcpy_w.o(.text)
    __aeabi_memmove4                         0x000009a1   Thumb Code     0  rt_memmove_w.o(.text)
    __aeabi_memmove8                         0x000009a1   Thumb Code     0  rt_memmove_w.o(.text)
    __rt_memmove_w                           0x000009a1   Thumb Code   122  rt_memmove_w.o(.text)
    __memmove_aligned                        0x000009c7   Thumb Code     0  rt_memmove_w.o(.text)
    __memmove_lastfew_aligned                0x000009ff   Thumb Code     0  rt_memmove_w.o(.text)
    _printf_char_common                      0x00000a27   Thumb Code    32  _printf_char_common.o(.text)
    __user_setup_stackheap                   0x00000a4d   Thumb Code    74  sys_stackheap_outer.o(.text)
    exit                                     0x00000a97   Thumb Code    12  exit.o(.text)
    __user_libspace                          0x00000aa5   Thumb Code     8  libspace.o(.text)
    __user_perproc_libspace                  0x00000aa5   Thumb Code     0  libspace.o(.text)
    __user_perthread_libspace                0x00000aa5   Thumb Code     0  libspace.o(.text)
    __rt_fp_status_addr                      0x00000aad   Thumb Code     8  rt_fp_status_addr_intlibspace.o(.text)
    BluetoothAdapter_ConfigurePipes          0x00000d8d   Thumb Code   226  bluetoothadapter.o(i.BluetoothAdapter_ConfigurePipes)
    BluetoothAdapter_PostConfiguration       0x00000e79   Thumb Code    22  bluetoothadapter.o(i.BluetoothAdapter_PostConfiguration)
    BluetoothAdapter_TickElapsed             0x00000e99   Thumb Code    28  bluetoothadapter.o(i.BluetoothAdapter_TickElapsed)
    BluetoothAdapter_USBTask                 0x00000ec1   Thumb Code   214  bluetoothadapter.o(i.BluetoothAdapter_USBTask)
    Bluetooth_HCI_FindConnection             0x00000fad   Thumb Code    86  bluetoothhci.o(i.Bluetooth_HCI_FindConnection)
    Bluetooth_HCI_Init                       0x00001003   Thumb Code    50  bluetoothhci.o(i.Bluetooth_HCI_Init)
    Bluetooth_HCI_Manage                     0x00001035   Thumb Code   378  bluetoothhci.o(i.Bluetooth_HCI_Manage)
    Bluetooth_HCI_ProcessDataPacket          0x00001289   Thumb Code    36  bluetoothhci.o(i.Bluetooth_HCI_ProcessDataPacket)
    Bluetooth_HCI_ProcessEventPacket         0x000012ad   Thumb Code  1318  bluetoothhci.o(i.Bluetooth_HCI_ProcessEventPacket)
    Bluetooth_HCI_SendControlPacket          0x000018e9   Thumb Code    66  bluetoothhci.o(i.Bluetooth_HCI_SendControlPacket)
    Bluetooth_HCI_SendPacket                 0x0000192b   Thumb Code   120  bluetoothhci.o(i.Bluetooth_HCI_SendPacket)
    Bluetooth_HCI_TickElapsed                0x000019a3   Thumb Code    28  bluetoothhci.o(i.Bluetooth_HCI_TickElapsed)
    Bluetooth_Init                           0x000019bf   Thumb Code    34  bluetooth.o(i.Bluetooth_Init)
    Bluetooth_L2CAP_FindChannel              0x000019e1   Thumb Code    72  bluetoothl2cap.o(i.Bluetooth_L2CAP_FindChannel)
    Bluetooth_L2CAP_Init                     0x00001a29   Thumb Code    48  bluetoothl2cap.o(i.Bluetooth_L2CAP_Init)
    Bluetooth_L2CAP_Manage                   0x00001a59   Thumb Code  1352  bluetoothl2cap.o(i.Bluetooth_L2CAP_Manage)
    Bluetooth_L2CAP_NotifyHCIDisconnection   0x0000204d   Thumb Code   172  bluetoothl2cap.o(i.Bluetooth_L2CAP_NotifyHCIDisconnection)
    Bluetooth_L2CAP_OpenChannel              0x000020f9   Thumb Code    90  bluetoothl2cap.o(i.Bluetooth_L2CAP_OpenChannel)
    Bluetooth_L2CAP_ProcessPacket            0x00002155   Thumb Code   412  bluetoothl2cap.o(i.Bluetooth_L2CAP_ProcessPacket)
    Bluetooth_L2CAP_SendPacket               0x0000236d   Thumb Code   206  bluetoothl2cap.o(i.Bluetooth_L2CAP_SendPacket)
    Bluetooth_ManageConnections              0x000026ab   Thumb Code    34  bluetooth.o(i.Bluetooth_ManageConnections)
    Bluetooth_ProcessPacket                  0x000026cd   Thumb Code    34  bluetooth.o(i.Bluetooth_ProcessPacket)
    Bluetooth_TickElapsed                    0x000026ef   Thumb Code    12  bluetooth.o(i.Bluetooth_TickElapsed)
    CALLBACK_Bluetooth_ChannelRequest        0x000026fd   Thumb Code    22  bluetoothcontrol.o(i.CALLBACK_Bluetooth_ChannelRequest)
    CALLBACK_Bluetooth_ConnectionRequest     0x00002731   Thumb Code    34  bluetoothcontrol.o(i.CALLBACK_Bluetooth_ConnectionRequest)
    CALLBACK_Bluetooth_SendPacket            0x00002789   Thumb Code   164  bluetoothadapter.o(i.CALLBACK_Bluetooth_SendPacket)
    CALLBACK_RFCOMM_DataReceived             0x0000283d   Thumb Code     2  bluetoothcontrol.o(i.CALLBACK_RFCOMM_DataReceived)
    CLKPWR_ConfigPPWR                        0x00002841   Thumb Code    50  lpc17xx_clkpwr.o(i.CLKPWR_ConfigPPWR)
    CLKPWR_GetPCLK                           0x00002881   Thumb Code    58  lpc17xx_clkpwr.o(i.CLKPWR_GetPCLK)
    CLKPWR_GetPCLKSEL                        0x000028c1   Thumb Code    32  lpc17xx_clkpwr.o(i.CLKPWR_GetPCLKSEL)
    DAC_UpdateValue                          0x000028e9   Thumb Code    18  lpc17xx_dac.o(i.DAC_UpdateValue)
    DComp_NextInterfaceBluetoothDataEndpoint 0x000028fb   Thumb Code    28  bluetoothadapter.o(i.DComp_NextInterfaceBluetoothDataEndpoint)
    EVENT_Bluetooth_ChannelStateChange       0x00002919   Thumb Code    78  bluetoothcontrol.o(i.EVENT_Bluetooth_ChannelStateChange)
    EVENT_Bluetooth_ConnectionStateChange    0x0000299d   Thumb Code    92  bluetoothcontrol.o(i.EVENT_Bluetooth_ConnectionStateChange)
    EVENT_Bluetooth_DataReceived             0x00002a49   Thumb Code    90  bluetoothcontrol.o(i.EVENT_Bluetooth_DataReceived)
    EVENT_Bluetooth_InitComplete             0x00002ac9   Thumb Code     2  bluetoothadapter.o(i.EVENT_Bluetooth_InitComplete)
    EVENT_Bluetooth_InitServices             0x00002acb   Thumb Code    18  bluetoothcontrol.o(i.EVENT_Bluetooth_InitServices)
    EVENT_Bluetooth_ManageServices           0x00002add   Thumb Code    18  bluetoothcontrol.o(i.EVENT_Bluetooth_ManageServices)
    EVENT_RFCOMM_ChannelStateChange          0x00002af1   Thumb Code    48  bluetoothcontrol.o(i.EVENT_RFCOMM_ChannelStateChange)
    EVENT_USB_Host_DeviceAttached            0x00002b45   Thumb Code    10  bluetoothrobot.o(i.EVENT_USB_Host_DeviceAttached)
    EVENT_USB_Host_DeviceEnumerationComplete 0x00002b65   Thumb Code   104  bluetoothrobot.o(i.EVENT_USB_Host_DeviceEnumerationComplete)
    EVENT_USB_Host_DeviceEnumerationFailed   0x00002c41   Thumb Code    14  bluetoothrobot.o(i.EVENT_USB_Host_DeviceEnumerationFailed)
    EVENT_USB_Host_DeviceUnattached          0x00002c65   Thumb Code    10  bluetoothrobot.o(i.EVENT_USB_Host_DeviceUnattached)
    GPIO_ClearValue                          0x00002c95   Thumb Code    20  lpc17xx_gpio.o(i.GPIO_ClearValue)
    GPIO_ReadValue                           0x00002ce1   Thumb Code    22  lpc17xx_gpio.o(i.GPIO_ReadValue)
    GPIO_SetDir                              0x00002cf7   Thumb Code    40  lpc17xx_gpio.o(i.GPIO_SetDir)
    GPIO_SetValue                            0x00002d1f   Thumb Code    20  lpc17xx_gpio.o(i.GPIO_SetValue)
    GetKey                                   0x00002d33   Thumb Code    16  bluetoothrobot.o(i.GetKey)
    HAL_EnableUSBInterrupt                   0x00002d43   Thumb Code    24  hal_lpc17xx.o(i.HAL_EnableUSBInterrupt)
    HAL_USBInit                              0x00002d5d   Thumb Code    62  hal_lpc17xx.o(i.HAL_USBInit)
    HcdCancelTransfer                        0x00002db1   Thumb Code   250  ohci.o(i.HcdCancelTransfer)
    HcdClosePipe                             0x00002eb1   Thumb Code   212  ohci.o(i.HcdClosePipe)
    HcdControlTransfer                       0x00002f89   Thumb Code   232  ohci.o(i.HcdControlTransfer)
    HcdDataTransfer                          0x00003075   Thumb Code   228  ohci.o(i.HcdDataTransfer)
    HcdDeInitDriver                          0x0000315d   Thumb Code     6  ohci.o(i.HcdDeInitDriver)
    HcdDelayMS                               0x00003163   Thumb Code    24  hcd.o(i.HcdDelayMS)
    HcdDelayUS                               0x0000317b   Thumb Code    14  hcd.o(i.HcdDelayUS)
    HcdGetDeviceSpeed                        0x000031a9   Thumb Code    30  ohci.o(i.HcdGetDeviceSpeed)
    HcdGetFrameNumber                        0x000031cd   Thumb Code    18  ohci.o(i.HcdGetFrameNumber)
    HcdGetPipeStatus                         0x000031e5   Thumb Code    40  ohci.o(i.HcdGetPipeStatus)
    HcdInitDriver                            0x0000321d   Thumb Code    66  ohci.o(i.HcdInitDriver)
    HcdIrqHandler                            0x0000326d   Thumb Code   188  ohci.o(i.HcdIrqHandler)
    HcdOpenPipe                              0x00003331   Thumb Code   232  ohci.o(i.HcdOpenPipe)
    HcdRhPortReset                           0x0000341d   Thumb Code    52  ohci.o(i.HcdRhPortReset)
    KeyScan                                  0x00003469   Thumb Code   112  bluetoothrobot.o(i.KeyScan)
    LEDs_Init                                0x000034ed   Thumb Code     2  bsp_mcb1700.o(i.LEDs_Init)
    Led1Not                                  0x000034f1   Thumb Code    32  bluetoothrobot.o(i.Led1Not)
    Led1Off                                  0x00003515   Thumb Code    14  bluetoothrobot.o(i.Led1Off)
    Led1On                                   0x00003523   Thumb Code    14  bluetoothrobot.o(i.Led1On)
    Led2Off                                  0x00003531   Thumb Code    14  bluetoothrobot.o(i.Led2Off)
    Led2On                                   0x0000353f   Thumb Code    14  bluetoothrobot.o(i.Led2On)
    OpenPipe_VerifyParameters                0x00003691   Thumb Code   226  hcd.o(i.OpenPipe_VerifyParameters)
    PINSEL_ConfigPin                         0x00003773   Thumb Code    36  lpc17xx_pinsel.o(i.PINSEL_ConfigPin)
    Pipe_ClosePipe                           0x00003799   Thumb Code    62  pipe_lpc.o(i.Pipe_ClosePipe)
    Pipe_ConfigurePipe                       0x000037dd   Thumb Code   174  pipe_lpc.o(i.Pipe_ConfigurePipe)
    Pipe_IsINReceived                        0x0000389d   Thumb Code   110  pipe_lpc.o(i.Pipe_IsINReceived)
    Pipe_Read_Stream_LE                      0x00003915   Thumb Code   456  pipestream_lpc.o(i.Pipe_Read_Stream_LE)
    Pipe_WaitUntilReady                      0x00003ae5   Thumb Code   202  pipe_lpc.o(i.Pipe_WaitUntilReady)
    Pipe_Write_Stream_LE                     0x00003bbd   Thumb Code   120  pipestream_lpc.o(i.Pipe_Write_Stream_LE)
    RFCOMM_ChannelClosed                     0x00003f95   Thumb Code    52  rfcomm.o(i.RFCOMM_ChannelClosed)
    RFCOMM_ChannelOpened                     0x00003fcd   Thumb Code    30  rfcomm.o(i.RFCOMM_ChannelOpened)
    RFCOMM_Init                              0x00004055   Thumb Code    64  rfcomm.o(i.RFCOMM_Init)
    RFCOMM_Manage                            0x000040a1   Thumb Code   150  rfcomm.o(i.RFCOMM_Manage)
    RFCOMM_ProcessMultiplexerCommand         0x00004305   Thumb Code   250  rfcomm.o(i.RFCOMM_ProcessMultiplexerCommand)
    RFCOMM_ProcessPacket                     0x000044f5   Thumb Code   178  rfcomm.o(i.RFCOMM_ProcessPacket)
    RFCOMM_SendData                          0x000047e5   Thumb Code    38  rfcomm.o(i.RFCOMM_SendData)
    RFCOMM_SendFrame                         0x0000480d   Thumb Code   296  rfcomm.o(i.RFCOMM_SendFrame)
    SDP_ChannelClosed                        0x00004a1f   Thumb Code     2  sdp.o(i.SDP_ChannelClosed)
    SDP_ChannelOpened                        0x00004a21   Thumb Code     2  sdp.o(i.SDP_ChannelOpened)
    SDP_Init                                 0x00004c8d   Thumb Code    50  sdp.o(i.SDP_Init)
    SDP_Manage                               0x00004cc5   Thumb Code     2  sdp.o(i.SDP_Manage)
    SDP_ProcessPacket                        0x00004cc7   Thumb Code    84  sdp.o(i.SDP_ProcessPacket)
    SDP_RegisterService                      0x00004d59   Thumb Code    30  sdp.o(i.SDP_RegisterService)
    Serial_CreateStream                      0x00005103   Thumb Code     2  bsp.o(i.Serial_CreateStream)
    Serial_Init                              0x00005105   Thumb Code    78  bsp_mcb1700.o(i.Serial_Init)
    SetupHardware                            0x00005159   Thumb Code   164  bluetoothrobot.o(i.SetupHardware)
    SystemInit                               0x00005249   Thumb Code   282  system_lpc17xx.o(i.SystemInit)
    TIMER1_IRQHandler                        0x000053a9   Thumb Code   160  bsp_mcb1700.o(i.TIMER1_IRQHandler)
    UART_ConfigStructInit                    0x00005461   Thumb Code    18  lpc17xx_uart.o(i.UART_ConfigStructInit)
    UART_Init                                0x00005475   Thumb Code   358  lpc17xx_uart.o(i.UART_Init)
    UART_Send                                0x000055ed   Thumb Code   146  lpc17xx_uart.o(i.UART_Send)
    UART_SendByte                            0x00005681   Thumb Code    14  lpc17xx_uart.o(i.UART_SendByte)
    UART_TxCmd                               0x00005695   Thumb Code    68  lpc17xx_uart.o(i.UART_TxCmd)
    USB_GetNextDescriptorComp                0x000056f7   Thumb Code    68  configdescriptor.o(i.USB_GetNextDescriptorComp)
    USB_GetNextDescriptorOfType              0x0000573b   Thumb Code    38  configdescriptor.o(i.USB_GetNextDescriptorOfType)
    USB_Host_DeEnumerate                     0x00005785   Thumb Code    50  host_lpc.o(i.USB_Host_DeEnumerate)
    USB_Host_Enumerate                       0x000057c1   Thumb Code    24  host_lpc.o(i.USB_Host_Enumerate)
    USB_Host_GetDeviceConfigDescriptor       0x000057e5   Thumb Code   124  configdescriptor.o(i.USB_Host_GetDeviceConfigDescriptor)
    USB_Host_GetDeviceDescriptor             0x0000586d   Thumb Code    38  hoststandardreq.o(i.USB_Host_GetDeviceDescriptor)
    USB_Host_ProcessNextHostState            0x000058a1   Thumb Code   530  host_lpc.o(i.USB_Host_ProcessNextHostState)
    USB_Host_SendControlRequest              0x00005ad1   Thumb Code   214  hoststandardreq.o(i.USB_Host_SendControlRequest)
    USB_Host_SetDeviceConfiguration          0x00005bb5   Thumb Code    62  hoststandardreq.o(i.USB_Host_SetDeviceConfiguration)
    USB_Host_SetDeviceSpeed                  0x00005c09   Thumb Code     6  host_lpc.o(i.USB_Host_SetDeviceSpeed)
    USB_Host_WaitMS                          0x00005c15   Thumb Code     6  host_lpc.o(i.USB_Host_WaitMS)
    USB_IRQHandler                           0x00005c1b   Thumb Code    10  hal_lpc17xx.o(i.USB_IRQHandler)
    USB_Init                                 0x00005c25   Thumb Code    24  usbcontroller_lpc.o(i.USB_Init)
    USB_Memory_Alloc                         0x00005c9d   Thumb Code   180  usbmemory.o(i.USB_Memory_Alloc)
    USB_Memory_Free                          0x00005d55   Thumb Code   212  usbmemory.o(i.USB_Memory_Free)
    USB_Memory_Init                          0x00005e2d   Thumb Code    38  usbmemory.o(i.USB_Memory_Init)
    USB_ResetInterface                       0x00005e59   Thumb Code     8  usbcontroller_lpc.o(i.USB_ResetInterface)
    USB_USBTask                              0x00005e61   Thumb Code     8  usbtask.o(i.USB_USBTask)
    _is_digit                                0x00005e87   Thumb Code    14  __printf_wp.o(i._is_digit)
    _sys_exit                                0x00005e95   Thumb Code     4  bsp.o(i._sys_exit)
    ferror                                   0x00005e99   Thumb Code     8  bsp.o(i.ferror)
    fputc                                    0x00005ea1   Thumb Code    18  bsp.o(i.fputc)
    init_timer                               0x00005eb9   Thumb Code    88  bluetoothrobot.o(i.init_timer)
    main                                     0x00005f1d   Thumb Code   118  bluetoothrobot.o(i.main)
    rfcomm_send_data                         0x00005f9d   Thumb Code    68  bluetoothrobot.o(i.rfcomm_send_data)
    _fp_init                                 0x000062c1   Thumb Code    14  fpinit.o(x$fpl$fpinit)
    __fplib_config_pureend_doubles           0x000062cd   Thumb Code     0  fpinit.o(x$fpl$fpinit)
    BaseUUID                                 0x00006368   Data          16  sdp.o(.constdata)
    Region$$Table$$Base                      0x00006580   Number         0  anon$$obj.o(Region$$Table)
    Region$$Table$$Limit                     0x000065a0   Number         0  anon$$obj.o(Region$$Table)
    USB_Host_ConfigurationNumber             0x10000000   Data           1  hoststandardreq.o(.data)
    USB_IsInitialized                        0x10000001   Data           1  usbtask.o(.data)
    USB_ControlRequest                       0x10000002   Data           8  usbtask.o(.data)
    USB_HostState                            0x1000000a   Data           1  usbtask.o(.data)
    USB_Host_ControlPipeSize                 0x1000000d   Data           1  host_lpc.o(.data)
    pipeselected                             0x10000011   Data           1  pipe_lpc.o(.data)
    hostportspeed                            0x10000012   Data           1  pipe_lpc.o(.data)
    hostselected                             0x10000013   Data           1  pipe_lpc.o(.data)
    USBPortNum                               0x10000014   Data           1  usbcontroller_lpc.o(.data)
    SystemCoreClock                          0x10000018   Data           4  system_lpc17xx.o(.data)
    KeyVal                                   0x10000020   Data           2  bluetoothrobot.o(.data)
    KeyBackup                                0x10000022   Data           1  bluetoothrobot.o(.data)
    KeyDownTmCnt                             0x10000024   Data           2  bluetoothrobot.o(.data)
    KeyDis_F                                 0x10000026   Data           1  bluetoothrobot.o(.data)
    KeyScan_F                                0x10000027   Data           1  bluetoothrobot.o(.data)
    KeyDownCnt                               0x10000028   Data           1  bluetoothrobot.o(.data)
    KeyBuf                                   0x10000029   Data           1  bluetoothrobot.o(.data)
    sendFlag                                 0x1000002a   Data           1  bluetoothrobot.o(.data)
    BluetoothAdapter_IsActive                0x100000e7   Data           1  bluetoothadapter.o(.data)
    BluetoothAdapter_LastLocalBDADDR         0x100000e8   Data           6  bluetoothadapter.o(.data)
    BluetoothAdapter_RemoteBDADDR            0x100000ee   Data           6  bluetoothadapter.o(.data)
    RFCOMM_SensorStream                      0x100000f4   Data           4  bluetoothcontrol.o(.data)
    ConnectionCompleteEventHeader            0x100000f8   Data           4  bluetoothhci.o(.data)
    UserConfirmReqEventHeader                0x100000fc   Data           4  bluetoothhci.o(.data)
    LinkKeyNotifyHeader                      0x10000100   Data           4  bluetoothhci.o(.data)
    AuthRequirements                         0x10000104   Data           1  bluetoothhci.o(.data)
    ServiceEntry_RFCOMMSerialPort            0x10000120   Data          16  rfcommservicetable.o(.data)
    __stdout                                 0x10000130   Data           4  bsp.o(.data)
    __stdin                                  0x10000134   Data           4  bsp.o(.data)
    audio_buffer_size                        0x10000138   Data           4  bsp_mcb1700.o(.data)
    audio_buffer_rd_index                    0x1000013c   Data           4  bsp_mcb1700.o(.data)
    audio_buffer_wr_index                    0x10000140   Data           4  bsp_mcb1700.o(.data)
    audio_buffer_count                       0x10000144   Data           4  bsp_mcb1700.o(.data)
    PipeInfo                                 0x10000948   Data         128  pipe_lpc.o(.bss)
    ohci_data                                0x10000a00   Data        1280  ohci.o(.bss)
    LinkKey                                  0x10000f00   Data          22  bluetoothadapter.o(.bss)
    LinkKeyRequestACKHeader                  0x10000f16   Data          22  bluetoothhci.o(.bss)
    audio_buffer                             0x10000fa4   Data        2048  bsp_mcb1700.o(.bss)
    __libspace_start                         0x100017a4   Data          96  libspace.o(.bss)
    __temporary_stack_top$libspace           0x10001804   Data           0  libspace.o(.bss)



==============================================================================

Memory Map of the image

  Image Entry point : 0x0000019d

  Load Region LR_1 (Base: 0x00000000, Size: 0x000066e8, Max: 0xffffffff, ABSOLUTE, COMPRESSED[0x000065c4])

    Execution Region ER_RO (Base: 0x00000000, Size: 0x000065a0, Max: 0xffffffff, ABSOLUTE)

    Base Addr    Size         Type   Attr      Idx    E Section Name        Object

    0x00000000   0x000000cc   Data   RO         1525    RESET               startup_lpc17xx.o
    0x000000cc   0x00000008   Code   RO         4002  * !!!main             c_w.l(__main.o)
    0x000000d4   0x00000034   Code   RO         4180    !!!scatter          c_w.l(__scatter.o)
    0x00000108   0x0000003a   Code   RO         4178    !!dczerorl          c_w.l(__dczerorl.o)
    0x00000142   0x00000002   PAD
    0x00000144   0x0000001c   Code   RO         4182    !!handler_zi        c_w.l(__scatter_zi.o)
    0x00000160   0x00000000   Code   RO         3985    .ARM.Collect$$_printf_percent$$00000000  c_w.l(_printf_percent.o)
    0x00000160   0x00000006   Code   RO         3984    .ARM.Collect$$_printf_percent$$0000000C  c_w.l(_printf_x.o)
    0x00000166   0x00000006   Code   RO         3983    .ARM.Collect$$_printf_percent$$00000014  c_w.l(_printf_s.o)
    0x0000016c   0x00000004   Code   RO         4015    .ARM.Collect$$_printf_percent$$00000017  c_w.l(_printf_percent_end.o)
    0x00000170   0x00000006   Code   RO         4054    .ARM.Collect$$libinit$$00000000  c_w.l(libinit.o)
    0x00000176   0x00000000   Code   RO         4068    .ARM.Collect$$libinit$$00000006  c_w.l(libinit2.o)
    0x00000176   0x00000000   Code   RO         4070    .ARM.Collect$$libinit$$00000008  c_w.l(libinit2.o)
    0x00000176   0x00000000   Code   RO         4072    .ARM.Collect$$libinit$$0000000A  c_w.l(libinit2.o)
    0x00000176   0x00000000   Code   RO         4075    .ARM.Collect$$libinit$$0000000D  c_w.l(libinit2.o)
    0x00000176   0x00000000   Code   RO         4077    .ARM.Collect$$libinit$$0000000F  c_w.l(libinit2.o)
    0x00000176   0x00000000   Code   RO         4079    .ARM.Collect$$libinit$$00000011  c_w.l(libinit2.o)
    0x00000176   0x00000000   Code   RO         4081    .ARM.Collect$$libinit$$00000013  c_w.l(libinit2.o)
    0x00000176   0x00000000   Code   RO         4083    .ARM.Collect$$libinit$$00000015  c_w.l(libinit2.o)
    0x00000176   0x00000000   Code   RO         4085    .ARM.Collect$$libinit$$00000017  c_w.l(libinit2.o)
    0x00000176   0x00000000   Code   RO         4087    .ARM.Collect$$libinit$$00000019  c_w.l(libinit2.o)
    0x00000176   0x00000000   Code   RO         4089    .ARM.Collect$$libinit$$0000001B  c_w.l(libinit2.o)
    0x00000176   0x00000000   Code   RO         4091    .ARM.Collect$$libinit$$0000001D  c_w.l(libinit2.o)
    0x00000176   0x00000000   Code   RO         4093    .ARM.Collect$$libinit$$0000001F  c_w.l(libinit2.o)
    0x00000176   0x00000000   Code   RO         4095    .ARM.Collect$$libinit$$00000021  c_w.l(libinit2.o)
    0x00000176   0x00000000   Code   RO         4099    .ARM.Collect$$libinit$$00000028  c_w.l(libinit2.o)
    0x00000176   0x00000000   Code   RO         4101    .ARM.Collect$$libinit$$0000002A  c_w.l(libinit2.o)
    0x00000176   0x00000000   Code   RO         4103    .ARM.Collect$$libinit$$0000002C  c_w.l(libinit2.o)
    0x00000176   0x00000000   Code   RO         4105    .ARM.Collect$$libinit$$0000002E  c_w.l(libinit2.o)
    0x00000176   0x00000002   Code   RO         4106    .ARM.Collect$$libinit$$0000002F  c_w.l(libinit2.o)
    0x00000178   0x00000002   Code   RO         4135    .ARM.Collect$$libshutdown$$00000000  c_w.l(libshutdown.o)
    0x0000017a   0x00000000   Code   RO         4162    .ARM.Collect$$libshutdown$$00000003  c_w.l(libshutdown2.o)
    0x0000017a   0x00000000   Code   RO         4165    .ARM.Collect$$libshutdown$$00000006  c_w.l(libshutdown2.o)
    0x0000017a   0x00000000   Code   RO         4168    .ARM.Collect$$libshutdown$$00000009  c_w.l(libshutdown2.o)
    0x0000017a   0x00000000   Code   RO         4170    .ARM.Collect$$libshutdown$$0000000B  c_w.l(libshutdown2.o)
    0x0000017a   0x00000000   Code   RO         4173    .ARM.Collect$$libshutdown$$0000000E  c_w.l(libshutdown2.o)
    0x0000017a   0x00000002   Code   RO         4174    .ARM.Collect$$libshutdown$$0000000F  c_w.l(libshutdown2.o)
    0x0000017c   0x00000000   Code   RO         4004    .ARM.Collect$$rtentry$$00000000  c_w.l(rtentry.o)
    0x0000017c   0x00000000   Code   RO         4021    .ARM.Collect$$rtentry$$00000002  c_w.l(rtentry2.o)
    0x0000017c   0x00000006   Code   RO         4033    .ARM.Collect$$rtentry$$00000004  c_w.l(rtentry4.o)
    0x00000182   0x00000000   Code   RO         4023    .ARM.Collect$$rtentry$$00000009  c_w.l(rtentry2.o)
    0x00000182   0x00000004   Code   RO         4024    .ARM.Collect$$rtentry$$0000000A  c_w.l(rtentry2.o)
    0x00000186   0x00000000   Code   RO         4026    .ARM.Collect$$rtentry$$0000000C  c_w.l(rtentry2.o)
    0x00000186   0x00000008   Code   RO         4027    .ARM.Collect$$rtentry$$0000000D  c_w.l(rtentry2.o)
    0x0000018e   0x00000002   Code   RO         4058    .ARM.Collect$$rtexit$$00000000  c_w.l(rtexit.o)
    0x00000190   0x00000000   Code   RO         4110    .ARM.Collect$$rtexit$$00000002  c_w.l(rtexit2.o)
    0x00000190   0x00000004   Code   RO         4111    .ARM.Collect$$rtexit$$00000003  c_w.l(rtexit2.o)
    0x00000194   0x00000006   Code   RO         4112    .ARM.Collect$$rtexit$$00000004  c_w.l(rtexit2.o)
    0x0000019a   0x00000002   PAD
    0x0000019c   0x00000040   Code   RO         1526  * .text               startup_lpc17xx.o
    0x000001dc   0x00000002   Code   RO         3924    .text               c_w.l(use_no_semi.o)
    0x000001de   0x000000ee   Code   RO         3926    .text               c_w.l(lludivv7m.o)
    0x000002cc   0x00000026   Code   RO         3928    .text               c_w.l(llshl.o)
    0x000002f2   0x00000026   Code   RO         3930    .text               c_w.l(llushr.o)
    0x00000318   0x00000018   Code   RO         3934    .text               c_w.l(noretval__2printf.o)
    0x00000330   0x00000052   Code   RO         3938    .text               c_w.l(_printf_pad.o)
    0x00000382   0x00000052   Code   RO         3940    .text               c_w.l(_printf_str.o)
    0x000003d4   0x0000005c   Code   RO         3945    .text               c_w.l(_printf_hex_int.o)
    0x00000430   0x0000013c   Code   RO         3975    .text               c_w.l(__printf_flags_wp.o)
    0x0000056c   0x0000008c   Code   RO         3986    .text               c_w.l(strlcpy.o)
    0x000005f8   0x00000058   Code   RO         3988    .text               c_w.l(memcmp.o)
    0x00000650   0x0000003e   Code   RO         3990    .text               c_w.l(strlen.o)
    0x0000068e   0x0000008a   Code   RO         3992    .text               c_w.l(rt_memcpy_v6.o)
    0x00000718   0x00000084   Code   RO         3994    .text               c_w.l(rt_memmove_v6.o)
    0x0000079c   0x00000044   Code   RO         3996    .text               c_w.l(rt_memclr.o)
    0x000007e0   0x0000004e   Code   RO         3998    .text               c_w.l(rt_memclr_w.o)
    0x0000082e   0x00000006   Code   RO         4000    .text               c_w.l(heapauxi.o)
    0x00000834   0x000000b8   Code   RO         4009    .text               c_w.l(_printf_intcommon.o)
    0x000008ec   0x0000002c   Code   RO         4011    .text               c_w.l(_printf_char.o)
    0x00000918   0x00000024   Code   RO         4013    .text               c_w.l(_printf_char_file.o)
    0x0000093c   0x00000064   Code   RO         4016    .text               c_w.l(rt_memcpy_w.o)
    0x000009a0   0x0000007a   Code   RO         4018    .text               c_w.l(rt_memmove_w.o)
    0x00000a1a   0x00000002   PAD
    0x00000a1c   0x00000030   Code   RO         4037    .text               c_w.l(_printf_char_common.o)
    0x00000a4c   0x0000004a   Code   RO         4039    .text               c_w.l(sys_stackheap_outer.o)
    0x00000a96   0x0000000c   Code   RO         4043    .text               c_w.l(exit.o)
    0x00000aa2   0x00000002   PAD
    0x00000aa4   0x00000008   Code   RO         4055    .text               c_w.l(libspace.o)
    0x00000aac   0x00000008   Code   RO         4119    .text               c_w.l(rt_fp_status_addr_intlibspace.o)
    0x00000ab4   0x00000008   Code   RO         1160    i.Align16           ohci.o
    0x00000abc   0x00000008   Code   RO         1161    i.Align4k           ohci.o
    0x00000ac4   0x00000172   Code   RO         1162    i.AllocEd           ohci.o
    0x00000c36   0x000000b4   Code   RO         1163    i.AllocGtdForEd     ohci.o
    0x00000cea   0x000000a0   Code   RO         1164    i.AllocItdForEd     ohci.o
    0x00000d8a   0x00000002   PAD
    0x00000d8c   0x000000ec   Code   RO         1936    i.BluetoothAdapter_ConfigurePipes  bluetoothadapter.o
    0x00000e78   0x00000020   Code   RO         1938    i.BluetoothAdapter_PostConfiguration  bluetoothadapter.o
    0x00000e98   0x00000028   Code   RO         1939    i.BluetoothAdapter_TickElapsed  bluetoothadapter.o
    0x00000ec0   0x000000ec   Code   RO         1940    i.BluetoothAdapter_USBTask  bluetoothadapter.o
    0x00000fac   0x00000056   Code   RO         2360    i.Bluetooth_HCI_FindConnection  bluetoothhci.o
    0x00001002   0x00000032   Code   RO         2361    i.Bluetooth_HCI_Init  bluetoothhci.o
    0x00001034   0x00000210   Code   RO         2362    i.Bluetooth_HCI_Manage  bluetoothhci.o
    0x00001244   0x00000044   Code   RO         2363    i.Bluetooth_HCI_NewConnection  bluetoothhci.o
    0x00001288   0x00000024   Code   RO         2364    i.Bluetooth_HCI_ProcessDataPacket  bluetoothhci.o
    0x000012ac   0x0000063c   Code   RO         2365    i.Bluetooth_HCI_ProcessEventPacket  bluetoothhci.o
    0x000018e8   0x00000042   Code   RO         2366    i.Bluetooth_HCI_SendControlPacket  bluetoothhci.o
    0x0000192a   0x00000078   Code   RO         2367    i.Bluetooth_HCI_SendPacket  bluetoothhci.o
    0x000019a2   0x0000001c   Code   RO         2368    i.Bluetooth_HCI_TickElapsed  bluetoothhci.o
    0x000019be   0x00000022   Code   RO         2273    i.Bluetooth_Init    bluetooth.o
    0x000019e0   0x00000048   Code   RO         2443    i.Bluetooth_L2CAP_FindChannel  bluetoothl2cap.o
    0x00001a28   0x00000030   Code   RO         2444    i.Bluetooth_L2CAP_Init  bluetoothl2cap.o
    0x00001a58   0x00000548   Code   RO         2445    i.Bluetooth_L2CAP_Manage  bluetoothl2cap.o
    0x00001fa0   0x00000072   Code   RO         2446    i.Bluetooth_L2CAP_NewChannel  bluetoothl2cap.o
    0x00002012   0x0000003a   Code   RO         2447    i.Bluetooth_L2CAP_NewEvent  bluetoothl2cap.o
    0x0000204c   0x000000ac   Code   RO         2448    i.Bluetooth_L2CAP_NotifyHCIDisconnection  bluetoothl2cap.o
    0x000020f8   0x0000005a   Code   RO         2449    i.Bluetooth_L2CAP_OpenChannel  bluetoothl2cap.o
    0x00002152   0x00000002   PAD
    0x00002154   0x00000218   Code   RO         2450    i.Bluetooth_L2CAP_ProcessPacket  bluetoothl2cap.o
    0x0000236c   0x000000ce   Code   RO         2451    i.Bluetooth_L2CAP_SendPacket  bluetoothl2cap.o
    0x0000243a   0x00000002   PAD
    0x0000243c   0x00000068   Code   RO         2452    i.Bluetooth_L2CAP_SendSignalPacket  bluetoothl2cap.o
    0x000024a4   0x000000b4   Code   RO         2453    i.Bluetooth_L2CAP_Signal_ConfigReq  bluetoothl2cap.o
    0x00002558   0x0000004a   Code   RO         2454    i.Bluetooth_L2CAP_Signal_ConfigRsp  bluetoothl2cap.o
    0x000025a2   0x00000068   Code   RO         2455    i.Bluetooth_L2CAP_Signal_ConnectReq  bluetoothl2cap.o
    0x0000260a   0x00000054   Code   RO         2456    i.Bluetooth_L2CAP_Signal_ConnectRsp  bluetoothl2cap.o
    0x0000265e   0x0000004c   Code   RO         2457    i.Bluetooth_L2CAP_Signal_DisconnectRsp  bluetoothl2cap.o
    0x000026aa   0x00000022   Code   RO         2274    i.Bluetooth_ManageConnections  bluetooth.o
    0x000026cc   0x00000022   Code   RO         2275    i.Bluetooth_ProcessPacket  bluetooth.o
    0x000026ee   0x0000000c   Code   RO         2276    i.Bluetooth_TickElapsed  bluetooth.o
    0x000026fa   0x00000002   PAD
    0x000026fc   0x00000034   Code   RO         2026    i.CALLBACK_Bluetooth_ChannelRequest  bluetoothcontrol.o
    0x00002730   0x00000058   Code   RO         2027    i.CALLBACK_Bluetooth_ConnectionRequest  bluetoothcontrol.o
    0x00002788   0x000000b4   Code   RO         1941    i.CALLBACK_Bluetooth_SendPacket  bluetoothadapter.o
    0x0000283c   0x00000002   Code   RO         2028    i.CALLBACK_RFCOMM_DataReceived  bluetoothcontrol.o
    0x0000283e   0x00000002   PAD
    0x00002840   0x00000040   Code   RO         3865    i.CLKPWR_ConfigPPWR  CDL_LPC17xx.lib(lpc17xx_clkpwr.o)
    0x00002880   0x00000040   Code   RO         3868    i.CLKPWR_GetPCLK    CDL_LPC17xx.lib(lpc17xx_clkpwr.o)
    0x000028c0   0x00000028   Code   RO         3869    i.CLKPWR_GetPCLKSEL  CDL_LPC17xx.lib(lpc17xx_clkpwr.o)
    0x000028e8   0x00000012   Code   RO         3519    i.DAC_UpdateValue   CDL_LPC17xx.lib(lpc17xx_dac.o)
    0x000028fa   0x0000001c   Code   RO         1942    i.DComp_NextInterfaceBluetoothDataEndpoint  bluetoothadapter.o
    0x00002916   0x00000002   PAD
    0x00002918   0x00000084   Code   RO         2029    i.EVENT_Bluetooth_ChannelStateChange  bluetoothcontrol.o
    0x0000299c   0x000000ac   Code   RO         2030    i.EVENT_Bluetooth_ConnectionStateChange  bluetoothcontrol.o
    0x00002a48   0x00000080   Code   RO         2031    i.EVENT_Bluetooth_DataReceived  bluetoothcontrol.o
    0x00002ac8   0x00000002   Code   RO         1943    i.EVENT_Bluetooth_InitComplete  bluetoothadapter.o
    0x00002aca   0x00000012   Code   RO         2032    i.EVENT_Bluetooth_InitServices  bluetoothcontrol.o
    0x00002adc   0x00000012   Code   RO         2033    i.EVENT_Bluetooth_ManageServices  bluetoothcontrol.o
    0x00002aee   0x00000002   PAD
    0x00002af0   0x00000054   Code   RO         2034    i.EVENT_RFCOMM_ChannelStateChange  bluetoothcontrol.o
    0x00002b44   0x00000020   Code   RO         1559    i.EVENT_USB_Host_DeviceAttached  bluetoothrobot.o
    0x00002b64   0x000000dc   Code   RO         1560    i.EVENT_USB_Host_DeviceEnumerationComplete  bluetoothrobot.o
    0x00002c40   0x00000024   Code   RO         1561    i.EVENT_USB_Host_DeviceEnumerationFailed  bluetoothrobot.o
    0x00002c64   0x00000020   Code   RO         1562    i.EVENT_USB_Host_DeviceUnattached  bluetoothrobot.o
    0x00002c84   0x00000008   Code   RO         1165    i.FreeGtd           ohci.o
    0x00002c8c   0x00000008   Code   RO         1166    i.FreeItd           ohci.o
    0x00002c94   0x00000014   Code   RO         2966    i.GPIO_ClearValue   CDL_LPC17xx.lib(lpc17xx_gpio.o)
    0x00002ca8   0x00000038   Code   RO         2968    i.GPIO_GetPointer   CDL_LPC17xx.lib(lpc17xx_gpio.o)
    0x00002ce0   0x00000016   Code   RO         2970    i.GPIO_ReadValue    CDL_LPC17xx.lib(lpc17xx_gpio.o)
    0x00002cf6   0x00000028   Code   RO         2971    i.GPIO_SetDir       CDL_LPC17xx.lib(lpc17xx_gpio.o)
    0x00002d1e   0x00000014   Code   RO         2972    i.GPIO_SetValue     CDL_LPC17xx.lib(lpc17xx_gpio.o)
    0x00002d32   0x00000010   Code   RO         1564    i.GetKey            bluetoothrobot.o
    0x00002d42   0x00000018   Code   RO          887    i.HAL_EnableUSBInterrupt  hal_lpc17xx.o
    0x00002d5a   0x00000002   PAD
    0x00002d5c   0x00000054   Code   RO          890    i.HAL_USBInit       hal_lpc17xx.o
    0x00002db0   0x00000100   Code   RO         1167    i.HcdCancelTransfer  ohci.o
    0x00002eb0   0x000000d8   Code   RO         1169    i.HcdClosePipe      ohci.o
    0x00002f88   0x000000ec   Code   RO         1170    i.HcdControlTransfer  ohci.o
    0x00003074   0x000000e8   Code   RO         1171    i.HcdDataTransfer   ohci.o
    0x0000315c   0x00000006   Code   RO         1172    i.HcdDeInitDriver   ohci.o
    0x00003162   0x00000018   Code   RO         1038    i.HcdDelayMS        hcd.o
    0x0000317a   0x0000000e   Code   RO         1039    i.HcdDelayUS        hcd.o
    0x00003188   0x00000010   Code   RO         1173    i.HcdED             ohci.o
    0x00003198   0x00000010   Code   RO         1174    i.HcdGTD            ohci.o
    0x000031a8   0x00000024   Code   RO         1175    i.HcdGetDeviceSpeed  ohci.o
    0x000031cc   0x00000018   Code   RO         1176    i.HcdGetFrameNumber  ohci.o
    0x000031e4   0x00000028   Code   RO         1177    i.HcdGetPipeStatus  ohci.o
    0x0000320c   0x00000010   Code   RO         1178    i.HcdITD            ohci.o
    0x0000321c   0x00000050   Code   RO         1179    i.HcdInitDriver     ohci.o
    0x0000326c   0x000000c4   Code   RO         1180    i.HcdIrqHandler     ohci.o
    0x00003330   0x000000ec   Code   RO         1181    i.HcdOpenPipe       ohci.o
    0x0000341c   0x00000038   Code   RO         1184    i.HcdRhPortReset    ohci.o
    0x00003454   0x00000012   Code   RO         1185    i.IsIsoEndpoint     ohci.o
    0x00003466   0x00000002   PAD
    0x00003468   0x00000084   Code   RO         1565    i.KeyScan           bluetoothrobot.o
    0x000034ec   0x00000002   Code   RO         3366    i.LEDs_Init         BSP_MCB1700.lib(bsp_mcb1700.o)
    0x000034ee   0x00000002   PAD
    0x000034f0   0x00000024   Code   RO         1566    i.Led1Not           bluetoothrobot.o
    0x00003514   0x0000000e   Code   RO         1567    i.Led1Off           bluetoothrobot.o
    0x00003522   0x0000000e   Code   RO         1568    i.Led1On            bluetoothrobot.o
    0x00003530   0x0000000e   Code   RO         1570    i.Led2Off           bluetoothrobot.o
    0x0000353e   0x0000000e   Code   RO         1571    i.Led2On            bluetoothrobot.o
    0x0000354c   0x00000018   Code   RO         1572    i.NVIC_EnableIRQ    bluetoothrobot.o
    0x00003564   0x0000010c   Code   RO         1186    i.OHciHostInit      ohci.o
    0x00003670   0x00000018   Code   RO         1187    i.OHciRhStatusChangeIsr  ohci.o
    0x00003688   0x00000008   Code   RO         1188    i.Offset4k          ohci.o
    0x00003690   0x000000e2   Code   RO         1040    i.OpenPipe_VerifyParameters  hcd.o
    0x00003772   0x00000024   Code   RO         3149    i.PINSEL_ConfigPin  CDL_LPC17xx.lib(lpc17xx_pinsel.o)
    0x00003796   0x00000002   PAD
    0x00003798   0x00000044   Code   RO          541    i.Pipe_ClosePipe    pipe_lpc.o
    0x000037dc   0x000000c0   Code   RO          542    i.Pipe_ConfigurePipe  pipe_lpc.o
    0x0000389c   0x00000078   Code   RO          544    i.Pipe_IsINReceived  pipe_lpc.o
    0x00003914   0x000001d0   Code   RO          664    i.Pipe_Read_Stream_LE  pipestream_lpc.o
    0x00003ae4   0x000000d8   Code   RO          545    i.Pipe_WaitUntilReady  pipe_lpc.o
    0x00003bbc   0x00000080   Code   RO          670    i.Pipe_Write_Stream_LE  pipestream_lpc.o
    0x00003c3c   0x00000008   Code   RO         1189    i.PipehandleCreate  ohci.o
    0x00003c44   0x00000030   Code   RO         1190    i.PipehandleParse   ohci.o
    0x00003c74   0x000000ee   Code   RO         1191    i.ProcessDoneQueue  ohci.o
    0x00003d62   0x0000005a   Code   RO         1192    i.QueueGTDs         ohci.o
    0x00003dbc   0x0000007e   Code   RO         1193    i.QueueITDs         ohci.o
    0x00003e3a   0x00000066   Code   RO         1194    i.QueueOneGTD       ohci.o
    0x00003ea0   0x000000f2   Code   RO         1195    i.QueueOneITD       ohci.o
    0x00003f92   0x00000002   PAD
    0x00003f94   0x00000038   Code   RO         2739    i.RFCOMM_ChannelClosed  rfcomm.o
    0x00003fcc   0x0000001e   Code   RO         2740    i.RFCOMM_ChannelOpened  rfcomm.o
    0x00003fea   0x00000002   PAD
    0x00003fec   0x0000002c   Code   RO         2741    i.RFCOMM_ComputeFCS  rfcomm.o
    0x00004018   0x0000003c   Code   RO         2742    i.RFCOMM_FindChannel  rfcomm.o
    0x00004054   0x0000004c   Code   RO         2743    i.RFCOMM_Init       rfcomm.o
    0x000040a0   0x000000a0   Code   RO         2744    i.RFCOMM_Manage     rfcomm.o
    0x00004140   0x00000074   Code   RO         2745    i.RFCOMM_NewChannel  rfcomm.o
    0x000041b4   0x00000094   Code   RO         2746    i.RFCOMM_ProcessDISC  rfcomm.o
    0x00004248   0x00000026   Code   RO         2747    i.RFCOMM_ProcessDM  rfcomm.o
    0x0000426e   0x00000002   Code   RO         2748    i.RFCOMM_ProcessFCDCommand  rfcomm.o
    0x00004270   0x00000002   Code   RO         2749    i.RFCOMM_ProcessFCECommand  rfcomm.o
    0x00004272   0x00000002   PAD
    0x00004274   0x00000090   Code   RO         2750    i.RFCOMM_ProcessMSCommand  rfcomm.o
    0x00004304   0x00000164   Code   RO         2751    i.RFCOMM_ProcessMultiplexerCommand  rfcomm.o
    0x00004468   0x0000008c   Code   RO         2752    i.RFCOMM_ProcessPNCommand  rfcomm.o
    0x000044f4   0x000000f0   Code   RO         2753    i.RFCOMM_ProcessPacket  rfcomm.o
    0x000045e4   0x00000002   Code   RO         2754    i.RFCOMM_ProcessRLSCommand  rfcomm.o
    0x000045e6   0x0000006e   Code   RO         2755    i.RFCOMM_ProcessRPNCommand  rfcomm.o
    0x00004654   0x00000078   Code   RO         2756    i.RFCOMM_ProcessSABM  rfcomm.o
    0x000046cc   0x00000022   Code   RO         2757    i.RFCOMM_ProcessTestCommand  rfcomm.o
    0x000046ee   0x00000002   Code   RO         2758    i.RFCOMM_ProcessUA  rfcomm.o
    0x000046f0   0x00000072   Code   RO         2759    i.RFCOMM_ProcessUIH  rfcomm.o
    0x00004762   0x00000002   PAD
    0x00004764   0x00000080   Code   RO         2760    i.RFCOMM_SendControlFrame  rfcomm.o
    0x000047e4   0x00000026   Code   RO         2761    i.RFCOMM_SendData   rfcomm.o
    0x0000480a   0x00000002   PAD
    0x0000480c   0x00000140   Code   RO         2762    i.RFCOMM_SendFrame  rfcomm.o
    0x0000494c   0x00000048   Code   RO         2542    i.SDP_AddAttributeToResponse  sdp.o
    0x00004994   0x0000008a   Code   RO         2543    i.SDP_AddListedAttributesToResponse  sdp.o
    0x00004a1e   0x00000002   Code   RO         2544    i.SDP_ChannelClosed  sdp.o
    0x00004a20   0x00000002   Code   RO         2545    i.SDP_ChannelOpened  sdp.o
    0x00004a22   0x00000096   Code   RO         2546    i.SDP_CheckUUIDMatch  sdp.o
    0x00004ab8   0x00000074   Code   RO         2547    i.SDP_GetAttributeList  sdp.o
    0x00004b2c   0x00000034   Code   RO         2548    i.SDP_GetAttributeValue  sdp.o
    0x00004b60   0x0000005c   Code   RO         2549    i.SDP_GetDataElementSize  sdp.o
    0x00004bbc   0x00000052   Code   RO         2550    i.SDP_GetLocalAttributeContainerSize  sdp.o
    0x00004c0e   0x00000002   PAD
    0x00004c10   0x0000007c   Code   RO         2551    i.SDP_GetUUIDList   sdp.o
    0x00004c8c   0x00000038   Code   RO         2552    i.SDP_Init          sdp.o
    0x00004cc4   0x00000002   Code   RO         2553    i.SDP_Manage        sdp.o
    0x00004cc6   0x00000054   Code   RO         2554    i.SDP_ProcessPacket  sdp.o
    0x00004d1a   0x00000018   Code   RO         2555    i.SDP_ReadData16    sdp.o
    0x00004d32   0x00000018   Code   RO         2556    i.SDP_ReadData32    sdp.o
    0x00004d4a   0x0000000e   Code   RO         2557    i.SDP_ReadData8     sdp.o
    0x00004d58   0x00000024   Code   RO         2558    i.SDP_RegisterService  sdp.o
    0x00004d7c   0x00000062   Code   RO         2559    i.SDP_SearchServiceTable  sdp.o
    0x00004dde   0x0000001c   Code   RO         2560    i.SDP_SendFrame     sdp.o
    0x00004dfa   0x00000002   PAD
    0x00004dfc   0x000000ec   Code   RO         2561    i.SDP_ServiceAttribute  sdp.o
    0x00004ee8   0x000000f8   Code   RO         2562    i.SDP_ServiceSearch  sdp.o
    0x00004fe0   0x000000e4   Code   RO         2563    i.SDP_ServiceSearchAttribute  sdp.o
    0x000050c4   0x00000018   Code   RO         2565    i.SDP_WriteData16   sdp.o
    0x000050dc   0x0000000c   Code   RO         2566    i.SDP_WriteData8    sdp.o
    0x000050e8   0x0000001a   Code   RO         2567    i.SDP_WriteSequenceHeader16  sdp.o
    0x00005102   0x00000002   Code   RO         3204    i.Serial_CreateStream  BSP_MCB1700.lib(bsp.o)
    0x00005104   0x00000054   Code   RO         3375    i.Serial_Init       BSP_MCB1700.lib(bsp_mcb1700.o)
    0x00005158   0x000000a8   Code   RO         1573    i.SetupHardware     bluetoothrobot.o
    0x00005200   0x0000001c   Code   RO         2568    i.SwapEndian_16     sdp.o
    0x0000521c   0x0000002a   Code   RO         2569    i.SwapEndian_32     sdp.o
    0x00005246   0x00000002   PAD
    0x00005248   0x00000160   Code   RO         1532    i.SystemInit        system_lpc17xx.o
    0x000053a8   0x000000b8   Code   RO         3376    i.TIMER1_IRQHandler  BSP_MCB1700.lib(bsp_mcb1700.o)
    0x00005460   0x00000012   Code   RO         3670    i.UART_ConfigStructInit  CDL_LPC17xx.lib(lpc17xx_uart.o)
    0x00005472   0x00000002   PAD
    0x00005474   0x00000178   Code   RO         3680    i.UART_Init         CDL_LPC17xx.lib(lpc17xx_uart.o)
    0x000055ec   0x00000092   Code   RO         3692    i.UART_Send         CDL_LPC17xx.lib(lpc17xx_uart.o)
    0x0000567e   0x00000002   PAD
    0x00005680   0x00000014   Code   RO         3693    i.UART_SendByte     CDL_LPC17xx.lib(lpc17xx_uart.o)
    0x00005694   0x00000048   Code   RO         3694    i.UART_TxCmd        CDL_LPC17xx.lib(lpc17xx_uart.o)
    0x000056dc   0x0000001a   Code   RO            2    i.USB_GetNextDescriptor  configdescriptor.o
    0x000056f6   0x00000044   Code   RO            3    i.USB_GetNextDescriptorComp  configdescriptor.o
    0x0000573a   0x00000026   Code   RO            4    i.USB_GetNextDescriptorOfType  configdescriptor.o
    0x00005760   0x00000024   Code   RO          271    i.USB_HostTask      usbtask.o
    0x00005784   0x0000003c   Code   RO          385    i.USB_Host_DeEnumerate  host_lpc.o
    0x000057c0   0x00000024   Code   RO          386    i.USB_Host_Enumerate  host_lpc.o
    0x000057e4   0x00000088   Code   RO            7    i.USB_Host_GetDeviceConfigDescriptor  configdescriptor.o
    0x0000586c   0x00000034   Code   RO          205    i.USB_Host_GetDeviceDescriptor  hoststandardreq.o
    0x000058a0   0x00000230   Code   RO          390    i.USB_Host_ProcessNextHostState  host_lpc.o
    0x00005ad0   0x000000e4   Code   RO          208    i.USB_Host_SendControlRequest  hoststandardreq.o
    0x00005bb4   0x00000054   Code   RO          209    i.USB_Host_SetDeviceConfiguration  hoststandardreq.o
    0x00005c08   0x0000000c   Code   RO          392    i.USB_Host_SetDeviceSpeed  host_lpc.o
    0x00005c14   0x00000006   Code   RO          393    i.USB_Host_WaitMS   host_lpc.o
    0x00005c1a   0x0000000a   Code   RO          892    i.USB_IRQHandler    hal_lpc17xx.o
    0x00005c24   0x00000020   Code   RO          779    i.USB_Init          usbcontroller_lpc.o
    0x00005c44   0x00000058   Code   RO          780    i.USB_Init_Host     usbcontroller_lpc.o
    0x00005c9c   0x000000b8   Code   RO          319    i.USB_Memory_Alloc  usbmemory.o
    0x00005d54   0x000000d8   Code   RO          320    i.USB_Memory_Free   usbmemory.o
    0x00005e2c   0x0000002c   Code   RO          321    i.USB_Memory_Init   usbmemory.o
    0x00005e58   0x00000008   Code   RO          781    i.USB_ResetInterface  usbcontroller_lpc.o
    0x00005e60   0x00000008   Code   RO          272    i.USB_USBTask       usbtask.o
    0x00005e68   0x0000001e   Code   RO         1196    i.WaitForTransferComplete  ohci.o
    0x00005e86   0x0000000e   Code   RO         3973    i._is_digit         c_w.l(__printf_wp.o)
    0x00005e94   0x00000004   Code   RO         3206    i._sys_exit         BSP_MCB1700.lib(bsp.o)
    0x00005e98   0x00000008   Code   RO         3208    i.ferror            BSP_MCB1700.lib(bsp.o)
    0x00005ea0   0x00000018   Code   RO         3210    i.fputc             BSP_MCB1700.lib(bsp.o)
    0x00005eb8   0x00000064   Code   RO         1574    i.init_timer        bluetoothrobot.o
    0x00005f1c   0x00000080   Code   RO         1575    i.main              bluetoothrobot.o
    0x00005f9c   0x00000050   Code   RO         1576    i.rfcomm_send_data  bluetoothrobot.o
    0x00005fec   0x00000030   Code   RO         3152    i.set_OpenDrainMode  CDL_LPC17xx.lib(lpc17xx_pinsel.o)
    0x0000601c   0x00000040   Code   RO         3153    i.set_PinFunc       CDL_LPC17xx.lib(lpc17xx_pinsel.o)
    0x0000605c   0x00000040   Code   RO         3154    i.set_ResistorMode  CDL_LPC17xx.lib(lpc17xx_pinsel.o)
    0x0000609c   0x00000224   Code   RO         3695    i.uart_set_divisors  CDL_LPC17xx.lib(lpc17xx_uart.o)
    0x000062c0   0x0000000e   Code   RO         4107    x$fpl$fpinit        fz_ws.l(fpinit.o)
    0x000062ce   0x00000002   PAD
    0x000062d0   0x00000008   Data   RO            8    .constdata          configdescriptor.o
    0x000062d8   0x00000030   Data   RO          211    .constdata          hoststandardreq.o
    0x00006308   0x00000010   Data   RO          394    .constdata          host_lpc.o
    0x00006318   0x00000008   Data   RO         1945    .constdata          bluetoothadapter.o
    0x00006320   0x00000048   Data   RO         2370    .constdata          bluetoothhci.o
    0x00006368   0x00000010   Data   RO         2570    .constdata          sdp.o
    0x00006378   0x00000109   Data   RO         2765    .constdata          rfcomm.o
    0x00006481   0x000000c0   Data   RO         2927    .constdata          rfcommservicetable.o
    0x00006541   0x00000028   Data   RO         3946    .constdata          c_w.l(_printf_hex_int.o)
    0x00006569   0x00000011   Data   RO         3976    .constdata          c_w.l(__printf_flags_wp.o)
    0x0000657a   0x00000005   Data   RO         1946    .conststring        bluetoothadapter.o
    0x0000657f   0x00000001   PAD
    0x00006580   0x00000020   Data   RO         4176    Region$$Table       anon$$obj.o


    Execution Region ER_RW (Base: 0x10000000, Size: 0x00000148, Max: 0xffffffff, ABSOLUTE, COMPRESSED[0x00000024])

    Base Addr    Size         Type   Attr      Idx    E Section Name        Object

    0x10000000   0x00000001   Data   RW          212    .data               hoststandardreq.o
    0x10000001   0x0000000a   Data   RW          273    .data               usbtask.o
    0x1000000b   0x00000001   PAD
    0x1000000c   0x00000005   Data   RW          395    .data               host_lpc.o
    0x10000011   0x00000003   Data   RW          547    .data               pipe_lpc.o
    0x10000014   0x00000001   Data   RW          782    .data               usbcontroller_lpc.o
    0x10000015   0x00000003   PAD
    0x10000018   0x00000004   Data   RW         1533    .data               system_lpc17xx.o
    0x1000001c   0x0000000f   Data   RW         1577    .data               bluetoothrobot.o
    0x1000002b   0x000000c9   Data   RW         1947    .data               bluetoothadapter.o
    0x100000f4   0x00000004   Data   RW         2035    .data               bluetoothcontrol.o
    0x100000f8   0x0000000d   Data   RW         2371    .data               bluetoothhci.o
    0x10000105   0x00000003   PAD
    0x10000108   0x00000008   Data   RW         2458    .data               bluetoothl2cap.o
    0x10000110   0x00000004   Data   RW         2571    .data               sdp.o
    0x10000114   0x0000000c   Data   RW         2766    .data               rfcomm.o
    0x10000120   0x00000010   Data   RW         2928    .data               rfcommservicetable.o
    0x10000130   0x00000008   Data   RW         3211    .data               BSP_MCB1700.lib(bsp.o)
    0x10000138   0x00000010   Data   RW         3380    .data               BSP_MCB1700.lib(bsp_mcb1700.o)


    Execution Region ER_ZI (Base: 0x10000148, Size: 0x00001fc0, Max: 0xffffffff, ABSOLUTE)

    Base Addr    Size         Type   Attr      Idx    E Section Name        Object

    0x10000148   0x00000800   Zero   RW          322    .bss                usbmemory.o
    0x10000948   0x00000080   Zero   RW          546    .bss                pipe_lpc.o
    0x100009c8   0x00000038   PAD
    0x10000a00   0x00000500   Zero   RW         1197    .bss                ohci.o
    0x10000f00   0x00000016   Zero   RW         1944    .bss                bluetoothadapter.o
    0x10000f16   0x00000016   Zero   RW         2369    .bss                bluetoothhci.o
    0x10000f2c   0x00000078   Zero   RW         2764    .bss                rfcomm.o
    0x10000fa4   0x00000800   Zero   RW         3379    .bss                BSP_MCB1700.lib(bsp_mcb1700.o)
    0x100017a4   0x00000060   Zero   RW         4056    .bss                c_w.l(libspace.o)
    0x10001804   0x00000004   PAD
    0x10001808   0x00000100   Zero   RW         1524    HEAP                startup_lpc17xx.o
    0x10001908   0x00000800   Zero   RW         1523    STACK               startup_lpc17xx.o


==============================================================================

Image component sizes


      Code (inc. data)   RO Data    RW Data    ZI Data      Debug   Object Name

       114          0          0          0          0       9733   bluetooth.o
       754         70         13        201         22       9257   bluetoothadapter.o
       694        292          0          4          0       5754   bluetoothcontrol.o
      2578        634         72         13         22       9206   bluetoothhci.o
      3270        466          0          8          0      15698   bluetoothl2cap.o
      1060        244          0         15          0      43131   bluetoothrobot.o
       268         12          8          0          0      32518   configdescriptor.o
       118         22          0          0          0      17627   hal_lpc17xx.o
       264          0          0          0          0       5122   hcd.o
       674         68         16          5          0      12323   host_lpc.o
       364         50         48          1          0       6353   hoststandardreq.o
      3606        100          0          0       1280      34406   ohci.o
       596         48          0          3        128       9043   pipe_lpc.o
       592         16          0          0          0       8356   pipestream_lpc.o
      2480        284        265         12        120      27491   rfcomm.o
         0          0        192         16          0       1664   rfcommservicetable.o
      2040         30         16          4          0      26777   sdp.o
        64         26        204          0       2304        776   startup_lpc17xx.o
       352         70          0          4          0        783   system_lpc17xx.o
       128         30          0          1          0       1505   usbcontroller_lpc.o
       444         14          0          0       2048       2995   usbmemory.o
        44          4          0         10          0       6558   usbtask.o

    ----------------------------------------------------------------------
     20538       2480        867        304       5980     287076   Object Totals
         0          0         32          0          0          0   (incl. Generated)
        34          0          1          7         56          0   (incl. Padding)

    ----------------------------------------------------------------------

      Code (inc. data)   RO Data    RW Data    ZI Data      Debug   Library Member Name

        38          6          0          8          0      14813   bsp.o
       270         30          0         16       2048       2254   bsp_mcb1700.o
       168         28          0          0          0       1561   lpc17xx_clkpwr.o
        18          0          0          0          0       1666   lpc17xx_dac.o
       158         10          0          0          0      25273   lpc17xx_gpio.o
       212         14          0          0          0       4191   lpc17xx_pinsel.o
      1180         44          0          0          0      13625   lpc17xx_uart.o
        58          0          0          0          0          0   __dczerorl.o
         8          0          0          0          0         68   __main.o
       316          6         17          0          0         92   __printf_flags_wp.o
        14          0          0          0          0         68   __printf_wp.o
        52          8          0          0          0          0   __scatter.o
        28          0          0          0          0          0   __scatter_zi.o
        44          0          0          0          0        108   _printf_char.o
        48          6          0          0          0         96   _printf_char_common.o
        36          4          0          0          0         80   _printf_char_file.o
        92          4         40          0          0         88   _printf_hex_int.o
       184          0          0          0          0         88   _printf_intcommon.o
        82          0          0          0          0        108   _printf_pad.o
         0          0          0          0          0          0   _printf_percent.o
         4          0          0          0          0          0   _printf_percent_end.o
         6          0          0          0          0          0   _printf_s.o
        82          0          0          0          0         80   _printf_str.o
         6          0          0          0          0          0   _printf_x.o
        12          0          0          0          0         72   exit.o
         6          0          0          0          0        152   heapauxi.o
         6          0          0          0          0          0   libinit.o
         2          0          0          0          0          0   libinit2.o
         2          0          0          0          0          0   libshutdown.o
         2          0          0          0          0          0   libshutdown2.o
         8          4          0          0         96         68   libspace.o
        38          0          0          0          0         68   llshl.o
       238          0          0          0          0        100   lludivv7m.o
        38          0          0          0          0         68   llushr.o
        88          0          0          0          0         76   memcmp.o
        24          4          0          0          0         84   noretval__2printf.o
         8          4          0          0          0         68   rt_fp_status_addr_intlibspace.o
        68          0          0          0          0         68   rt_memclr.o
        78          0          0          0          0         80   rt_memclr_w.o
       138          0          0          0          0         68   rt_memcpy_v6.o
       100          0          0          0          0         80   rt_memcpy_w.o
       132          0          0          0          0         68   rt_memmove_v6.o
       122          0          0          0          0         80   rt_memmove_w.o
         0          0          0          0          0          0   rtentry.o
        12          0          0          0          0          0   rtentry2.o
         6          0          0          0          0          0   rtentry4.o
         2          0          0          0          0          0   rtexit.o
        10          0          0          0          0          0   rtexit2.o
       140          0          0          0          0         84   strlcpy.o
        62          0          0          0          0         76   strlen.o
        74          0          0          0          0         80   sys_stackheap_outer.o
         2          0          0          0          0         68   use_no_semi.o
        14          0          0          0          0         76   fpinit.o

    ----------------------------------------------------------------------
      4554        172         57         24       2148      65843   Library Totals
        18          0          0          0          4          0   (incl. Padding)

    ----------------------------------------------------------------------

      Code (inc. data)   RO Data    RW Data    ZI Data      Debug   Library Name

       308         36          0         24       2048      17067   BSP_MCB1700.lib
      1736         96          0          0          0      46316   CDL_LPC17xx.lib
      2478         40         57          0         96       2384   c_w.l
        14          0          0          0          0         76   fz_ws.l

    ----------------------------------------------------------------------
      4554        172         57         24       2148      65843   Library Totals

    ----------------------------------------------------------------------

==============================================================================


      Code (inc. data)   RO Data    RW Data    ZI Data      Debug   

     25092       2652        924        328       8128     341011   Grand Totals
     25092       2652        924         36       8128     341011   ELF Image Totals (compressed)
     25092       2652        924         36          0          0   ROM Totals

==============================================================================

    Total RO  Size (Code + RO Data)                26016 (  25.41kB)
    Total RW  Size (RW Data + ZI Data)              8456 (   8.26kB)
    Total ROM Size (Code + RO Data + RW Data)      26052 (  25.44kB)

==============================================================================

